C:/Users/Heba Elbeshbeshy/Downloads/SMBE 4th/Embedded/Tasks/Observer/CMSIS/core/core_cm4.h:1547:22:NVIC_EnableIRQ	16	static
C:/Users/Heba Elbeshbeshy/Downloads/SMBE 4th/Embedded/Tasks/Observer/CMSIS/core/core_cm4.h:1559:22:NVIC_DisableIRQ	16	static
../Drivers/src/PollerTimer.c:12:6:StartTimer	4	static
../Drivers/src/PollerTimer.c:27:6:StopTimer	4	static
../Drivers/src/PollerTimer.c:31:6:EnableInterrupt	8	static
../Drivers/src/PollerTimer.c:40:6:DisableInterrupt	8	static
../Drivers/src/PollerTimer.c:48:6:CallPollingFunction	8	static
