Archive member included to satisfy reference by file (symbol)

c:/program files (x86)/atmel/studio/7.0/toolchain/avr8/avr8-gnu-toolchain/bin/../lib/gcc/avr/5.4.0/avr5\libgcc.a(_udivmodhi4.o)
                              RtosFiles/queue.o (__udivmodhi4)
c:/program files (x86)/atmel/studio/7.0/toolchain/avr8/avr8-gnu-toolchain/bin/../lib/gcc/avr/5.4.0/avr5\libgcc.a(_exit.o)
                              C:/Program Files (x86)/Atmel/Studio/7.0/Packs/atmel/ATmega_DFP/1.6.364/gcc/dev/atmega32/avr5/crtatmega32.o (exit)
c:/program files (x86)/atmel/studio/7.0/toolchain/avr8/avr8-gnu-toolchain/bin/../lib/gcc/avr/5.4.0/avr5\libgcc.a(_copy_data.o)
                              main.o (__do_copy_data)
c:/program files (x86)/atmel/studio/7.0/toolchain/avr8/avr8-gnu-toolchain/bin/../lib/gcc/avr/5.4.0/avr5\libgcc.a(_clear_bss.o)
                              main.o (__do_clear_bss)
c:/program files (x86)/atmel/studio/7.0/toolchain/avr8/avr8-gnu-toolchain/bin/../lib/gcc/avr/5.4.0/../../../../avr/lib/avr5\libc.a(memcpy.o)
                              RtosFiles/queue.o (memcpy)

Allocating common symbols
Common symbol       size              file

task3ptr            0x2               main.o
task2ptr            0x2               main.o
task1ptr            0x2               main.o

Discarded input sections

 .data          0x00000000        0x0 C:/Program Files (x86)/Atmel/Studio/7.0/Packs/atmel/ATmega_DFP/1.6.364/gcc/dev/atmega32/avr5/crtatmega32.o
 .bss           0x00000000        0x0 C:/Program Files (x86)/Atmel/Studio/7.0/Packs/atmel/ATmega_DFP/1.6.364/gcc/dev/atmega32/avr5/crtatmega32.o
 .text          0x00000000        0x0 main.o
 .data          0x00000000        0x0 main.o
 .bss           0x00000000        0x0 main.o
 .text          0x00000000        0x0 RtosFiles/croutine.o
 .data          0x00000000        0x0 RtosFiles/croutine.o
 .bss           0x00000000        0x0 RtosFiles/croutine.o
 .text.prvInitialiseCoRoutineLists
                0x00000000       0x5e RtosFiles/croutine.o
 .text.prvCheckPendingReadyList
                0x00000000       0x6c RtosFiles/croutine.o
 .text.prvCheckDelayedList
                0x00000000      0x106 RtosFiles/croutine.o
 .text.xCoRoutineCreate
                0x00000000       0xba RtosFiles/croutine.o
 .text.vCoRoutineAddToDelayedList
                0x00000000       0x86 RtosFiles/croutine.o
 .text.vCoRoutineSchedule
                0x00000000       0xbe RtosFiles/croutine.o
 .text.xCoRoutineRemoveFromEventList
                0x00000000       0x4c RtosFiles/croutine.o
 .bss.xPassedTicks
                0x00000000        0x2 RtosFiles/croutine.o
 .bss.xLastTickCount
                0x00000000        0x2 RtosFiles/croutine.o
 .bss.xCoRoutineTickCount
                0x00000000        0x2 RtosFiles/croutine.o
 .bss.uxTopCoRoutineReadyPriority
                0x00000000        0x1 RtosFiles/croutine.o
 .bss.pxCurrentCoRoutine
                0x00000000        0x2 RtosFiles/croutine.o
 .bss.xPendingReadyCoRoutineList
                0x00000000        0x9 RtosFiles/croutine.o
 .bss.pxOverflowDelayedCoRoutineList
                0x00000000        0x2 RtosFiles/croutine.o
 .bss.pxDelayedCoRoutineList
                0x00000000        0x2 RtosFiles/croutine.o
 .bss.xDelayedCoRoutineList2
                0x00000000        0x9 RtosFiles/croutine.o
 .bss.xDelayedCoRoutineList1
                0x00000000        0x9 RtosFiles/croutine.o
 .bss.pxReadyCoRoutineLists
                0x00000000       0x12 RtosFiles/croutine.o
 .debug_info    0x00000000      0x72d RtosFiles/croutine.o
 .debug_abbrev  0x00000000      0x205 RtosFiles/croutine.o
 .debug_loc     0x00000000      0x3f0 RtosFiles/croutine.o
 .debug_aranges
                0x00000000       0x50 RtosFiles/croutine.o
 .debug_ranges  0x00000000       0x40 RtosFiles/croutine.o
 .debug_line    0x00000000      0x3e2 RtosFiles/croutine.o
 .debug_str     0x00000000      0x556 RtosFiles/croutine.o
 .comment       0x00000000       0x31 RtosFiles/croutine.o
 .debug_frame   0x00000000      0x100 RtosFiles/croutine.o
 .text          0x00000000        0x0 RtosFiles/event_groups.o
 .data          0x00000000        0x0 RtosFiles/event_groups.o
 .bss           0x00000000        0x0 RtosFiles/event_groups.o
 .text.prvTestWaitCondition
                0x00000000       0x26 RtosFiles/event_groups.o
 .text.xEventGroupCreate
                0x00000000       0x26 RtosFiles/event_groups.o
 .text.xEventGroupWaitBits
                0x00000000       0xe4 RtosFiles/event_groups.o
 .text.xEventGroupClearBits
                0x00000000       0x1e RtosFiles/event_groups.o
 .text.xEventGroupGetBitsFromISR
                0x00000000        0x8 RtosFiles/event_groups.o
 .text.xEventGroupSetBits
                0x00000000       0xc8 RtosFiles/event_groups.o
 .text.xEventGroupSync
                0x00000000       0xd6 RtosFiles/event_groups.o
 .text.vEventGroupDelete
                0x00000000       0x2e RtosFiles/event_groups.o
 .text.vEventGroupSetBitsCallback
                0x00000000        0x8 RtosFiles/event_groups.o
 .text.vEventGroupClearBitsCallback
                0x00000000        0x8 RtosFiles/event_groups.o
 .debug_info    0x00000000      0x8df RtosFiles/event_groups.o
 .debug_abbrev  0x00000000      0x1dc RtosFiles/event_groups.o
 .debug_loc     0x00000000      0xb41 RtosFiles/event_groups.o
 .debug_aranges
                0x00000000       0x68 RtosFiles/event_groups.o
 .debug_ranges  0x00000000       0x70 RtosFiles/event_groups.o
 .debug_line    0x00000000      0x433 RtosFiles/event_groups.o
 .debug_str     0x00000000      0x5a0 RtosFiles/event_groups.o
 .comment       0x00000000       0x31 RtosFiles/event_groups.o
 .debug_frame   0x00000000      0x15c RtosFiles/event_groups.o
 .text          0x00000000        0x0 RtosFiles/list.o
 .data          0x00000000        0x0 RtosFiles/list.o
 .bss           0x00000000        0x0 RtosFiles/list.o
 .text.vListInsertEnd
                0x00000000       0x42 RtosFiles/list.o
 .text          0x00000000        0x0 RtosFiles/Portable/GCC/port.o
 .data          0x00000000        0x0 RtosFiles/Portable/GCC/port.o
 .bss           0x00000000        0x0 RtosFiles/Portable/GCC/port.o
 .text.vPortEndScheduler
                0x00000000        0x2 RtosFiles/Portable/GCC/port.o
 .text          0x00000000        0x0 RtosFiles/Portable/MemMang/heap_1.o
 .data          0x00000000        0x0 RtosFiles/Portable/MemMang/heap_1.o
 .bss           0x00000000        0x0 RtosFiles/Portable/MemMang/heap_1.o
 .text.vPortInitialiseBlocks
                0x00000000        0xa RtosFiles/Portable/MemMang/heap_1.o
 .text.xPortGetFreeHeapSize
                0x00000000       0x12 RtosFiles/Portable/MemMang/heap_1.o
 .text          0x00000000        0x0 RtosFiles/queue.o
 .data          0x00000000        0x0 RtosFiles/queue.o
 .bss           0x00000000        0x0 RtosFiles/queue.o
 .text.prvIsQueueEmpty
                0x00000000       0x1a RtosFiles/queue.o
 .text.prvIsQueueFull
                0x00000000       0x1c RtosFiles/queue.o
 .text.prvCopyDataToQueue
                0x00000000       0x92 RtosFiles/queue.o
 .text.prvCopyDataFromQueue
                0x00000000       0x34 RtosFiles/queue.o
 .text.prvUnlockQueue
                0x00000000       0x68 RtosFiles/queue.o
 .text.xQueueGenericReset
                0x00000000       0xc0 RtosFiles/queue.o
 .text.prvInitialiseNewQueue
                0x00000000       0x26 RtosFiles/queue.o
 .text.xQueueGenericCreate
                0x00000000       0x82 RtosFiles/queue.o
 .text.xQueueGenericSend
                0x00000000      0x124 RtosFiles/queue.o
 .text.xQueueGenericSendFromISR
                0x00000000       0x78 RtosFiles/queue.o
 .text.xQueueGiveFromISR
                0x00000000       0x52 RtosFiles/queue.o
 .text.xQueueReceive
                0x00000000      0x11e RtosFiles/queue.o
 .text.xQueueSemaphoreTake
                0x00000000      0x106 RtosFiles/queue.o
 .text.xQueuePeek
                0x00000000      0x122 RtosFiles/queue.o
 .text.xQueueReceiveFromISR
                0x00000000       0x6e RtosFiles/queue.o
 .text.xQueuePeekFromISR
                0x00000000       0x2e RtosFiles/queue.o
 .text.uxQueueMessagesWaiting
                0x00000000       0x10 RtosFiles/queue.o
 .text.uxQueueSpacesAvailable
                0x00000000       0x16 RtosFiles/queue.o
 .text.uxQueueMessagesWaitingFromISR
                0x00000000        0x6 RtosFiles/queue.o
 .text.vQueueDelete
                0x00000000        0x6 RtosFiles/queue.o
 .text.xQueueIsQueueEmptyFromISR
                0x00000000       0x10 RtosFiles/queue.o
 .text.xQueueIsQueueFullFromISR
                0x00000000       0x12 RtosFiles/queue.o
 .text.xQueueCRSend
                0x00000000       0x80 RtosFiles/queue.o
 .text.xQueueCRReceive
                0x00000000       0x92 RtosFiles/queue.o
 .text.xQueueCRSendFromISR
                0x00000000       0x4c RtosFiles/queue.o
 .text.xQueueCRReceiveFromISR
                0x00000000       0x82 RtosFiles/queue.o
 .debug_info    0x00000000     0x177f RtosFiles/queue.o
 .debug_abbrev  0x00000000      0x227 RtosFiles/queue.o
 .debug_loc     0x00000000     0x1ee5 RtosFiles/queue.o
 .debug_aranges
                0x00000000       0xe8 RtosFiles/queue.o
 .debug_ranges  0x00000000      0x120 RtosFiles/queue.o
 .debug_line    0x00000000      0xc84 RtosFiles/queue.o
 .debug_str     0x00000000      0x838 RtosFiles/queue.o
 .comment       0x00000000       0x31 RtosFiles/queue.o
 .debug_frame   0x00000000      0x37c RtosFiles/queue.o
 .text          0x00000000        0x0 RtosFiles/tasks.o
 .data          0x00000000        0x0 RtosFiles/tasks.o
 .bss           0x00000000        0x0 RtosFiles/tasks.o
 .text.vTaskDelete
                0x00000000       0xb0 RtosFiles/tasks.o
 .text.vTaskEndScheduler
                0x00000000        0xc RtosFiles/tasks.o
 .text.xTaskGetTickCount
                0x00000000       0x14 RtosFiles/tasks.o
 .text.xTaskGetTickCountFromISR
                0x00000000        0xa RtosFiles/tasks.o
 .text.uxTaskGetNumberOfTasks
                0x00000000        0x6 RtosFiles/tasks.o
 .text.pcTaskGetName
                0x00000000       0x10 RtosFiles/tasks.o
 .text.xTaskDelayUntil
                0x00000000       0x84 RtosFiles/tasks.o
 .text.xTaskCatchUpTicks
                0x00000000       0x28 RtosFiles/tasks.o
 .text.vTaskPlaceOnEventList
                0x00000000       0x24 RtosFiles/tasks.o
 .text.vTaskPlaceOnUnorderedEventList
                0x00000000       0x8c RtosFiles/tasks.o
 .text.xTaskRemoveFromEventList
                0x00000000      0x17a RtosFiles/tasks.o
 .text.vTaskRemoveFromUnorderedEventList
                0x00000000      0x14c RtosFiles/tasks.o
 .text.vTaskSetTimeOutState
                0x00000000       0x20 RtosFiles/tasks.o
 .text.vTaskInternalSetTimeOutState
                0x00000000       0x16 RtosFiles/tasks.o
 .text.xTaskCheckForTimeOut
                0x00000000       0x64 RtosFiles/tasks.o
 .text.vTaskMissedYield
                0x00000000        0x8 RtosFiles/tasks.o
 .text.uxTaskResetEventItemValue
                0x00000000       0x2e RtosFiles/tasks.o
 .text.ulTaskGenericNotifyTake
                0x00000000      0x106 RtosFiles/tasks.o
 .text.xTaskGenericNotifyWait
                0x00000000      0x142 RtosFiles/tasks.o
 .text.xTaskGenericNotify
                0x00000000      0x20a RtosFiles/tasks.o
 .text.xTaskGenericNotifyFromISR
                0x00000000      0x260 RtosFiles/tasks.o
 .text.vTaskGenericNotifyGiveFromISR
                0x00000000      0x194 RtosFiles/tasks.o
 .text.xTaskGenericNotifyStateClear
                0x00000000       0x34 RtosFiles/tasks.o
 .text.ulTaskGenericNotifyValueClear
                0x00000000       0x6c RtosFiles/tasks.o
 .text          0x00000000        0x0 RtosFiles/timers.o
 .data          0x00000000        0x0 RtosFiles/timers.o
 .bss           0x00000000        0x0 RtosFiles/timers.o
 .debug_info    0x00000000       0x64 RtosFiles/timers.o
 .debug_abbrev  0x00000000       0x26 RtosFiles/timers.o
 .debug_aranges
                0x00000000       0x18 RtosFiles/timers.o
 .debug_line    0x00000000       0x1a RtosFiles/timers.o
 .debug_str     0x00000000      0x18a RtosFiles/timers.o
 .comment       0x00000000       0x31 RtosFiles/timers.o
 .text          0x00000000        0x0 c:/program files (x86)/atmel/studio/7.0/toolchain/avr8/avr8-gnu-toolchain/bin/../lib/gcc/avr/5.4.0/avr5\libgcc.a(_udivmodhi4.o)
 .data          0x00000000        0x0 c:/program files (x86)/atmel/studio/7.0/toolchain/avr8/avr8-gnu-toolchain/bin/../lib/gcc/avr/5.4.0/avr5\libgcc.a(_udivmodhi4.o)
 .bss           0x00000000        0x0 c:/program files (x86)/atmel/studio/7.0/toolchain/avr8/avr8-gnu-toolchain/bin/../lib/gcc/avr/5.4.0/avr5\libgcc.a(_udivmodhi4.o)
 .text.libgcc.mul
                0x00000000        0x0 c:/program files (x86)/atmel/studio/7.0/toolchain/avr8/avr8-gnu-toolchain/bin/../lib/gcc/avr/5.4.0/avr5\libgcc.a(_udivmodhi4.o)
 .text.libgcc.div
                0x00000000       0x28 c:/program files (x86)/atmel/studio/7.0/toolchain/avr8/avr8-gnu-toolchain/bin/../lib/gcc/avr/5.4.0/avr5\libgcc.a(_udivmodhi4.o)
 .text.libgcc   0x00000000        0x0 c:/program files (x86)/atmel/studio/7.0/toolchain/avr8/avr8-gnu-toolchain/bin/../lib/gcc/avr/5.4.0/avr5\libgcc.a(_udivmodhi4.o)
 .text.libgcc.prologue
                0x00000000        0x0 c:/program files (x86)/atmel/studio/7.0/toolchain/avr8/avr8-gnu-toolchain/bin/../lib/gcc/avr/5.4.0/avr5\libgcc.a(_udivmodhi4.o)
 .text.libgcc.builtins
                0x00000000        0x0 c:/program files (x86)/atmel/studio/7.0/toolchain/avr8/avr8-gnu-toolchain/bin/../lib/gcc/avr/5.4.0/avr5\libgcc.a(_udivmodhi4.o)
 .text.libgcc.fmul
                0x00000000        0x0 c:/program files (x86)/atmel/studio/7.0/toolchain/avr8/avr8-gnu-toolchain/bin/../lib/gcc/avr/5.4.0/avr5\libgcc.a(_udivmodhi4.o)
 .text.libgcc.fixed
                0x00000000        0x0 c:/program files (x86)/atmel/studio/7.0/toolchain/avr8/avr8-gnu-toolchain/bin/../lib/gcc/avr/5.4.0/avr5\libgcc.a(_udivmodhi4.o)
 .text          0x00000000        0x0 c:/program files (x86)/atmel/studio/7.0/toolchain/avr8/avr8-gnu-toolchain/bin/../lib/gcc/avr/5.4.0/avr5\libgcc.a(_exit.o)
 .data          0x00000000        0x0 c:/program files (x86)/atmel/studio/7.0/toolchain/avr8/avr8-gnu-toolchain/bin/../lib/gcc/avr/5.4.0/avr5\libgcc.a(_exit.o)
 .bss           0x00000000        0x0 c:/program files (x86)/atmel/studio/7.0/toolchain/avr8/avr8-gnu-toolchain/bin/../lib/gcc/avr/5.4.0/avr5\libgcc.a(_exit.o)
 .text.libgcc.mul
                0x00000000        0x0 c:/program files (x86)/atmel/studio/7.0/toolchain/avr8/avr8-gnu-toolchain/bin/../lib/gcc/avr/5.4.0/avr5\libgcc.a(_exit.o)
 .text.libgcc.div
                0x00000000        0x0 c:/program files (x86)/atmel/studio/7.0/toolchain/avr8/avr8-gnu-toolchain/bin/../lib/gcc/avr/5.4.0/avr5\libgcc.a(_exit.o)
 .text.libgcc   0x00000000        0x0 c:/program files (x86)/atmel/studio/7.0/toolchain/avr8/avr8-gnu-toolchain/bin/../lib/gcc/avr/5.4.0/avr5\libgcc.a(_exit.o)
 .text.libgcc.prologue
                0x00000000        0x0 c:/program files (x86)/atmel/studio/7.0/toolchain/avr8/avr8-gnu-toolchain/bin/../lib/gcc/avr/5.4.0/avr5\libgcc.a(_exit.o)
 .text.libgcc.builtins
                0x00000000        0x0 c:/program files (x86)/atmel/studio/7.0/toolchain/avr8/avr8-gnu-toolchain/bin/../lib/gcc/avr/5.4.0/avr5\libgcc.a(_exit.o)
 .text.libgcc.fmul
                0x00000000        0x0 c:/program files (x86)/atmel/studio/7.0/toolchain/avr8/avr8-gnu-toolchain/bin/../lib/gcc/avr/5.4.0/avr5\libgcc.a(_exit.o)
 .text.libgcc.fixed
                0x00000000        0x0 c:/program files (x86)/atmel/studio/7.0/toolchain/avr8/avr8-gnu-toolchain/bin/../lib/gcc/avr/5.4.0/avr5\libgcc.a(_exit.o)
 .text          0x00000000        0x0 c:/program files (x86)/atmel/studio/7.0/toolchain/avr8/avr8-gnu-toolchain/bin/../lib/gcc/avr/5.4.0/avr5\libgcc.a(_copy_data.o)
 .data          0x00000000        0x0 c:/program files (x86)/atmel/studio/7.0/toolchain/avr8/avr8-gnu-toolchain/bin/../lib/gcc/avr/5.4.0/avr5\libgcc.a(_copy_data.o)
 .bss           0x00000000        0x0 c:/program files (x86)/atmel/studio/7.0/toolchain/avr8/avr8-gnu-toolchain/bin/../lib/gcc/avr/5.4.0/avr5\libgcc.a(_copy_data.o)
 .text.libgcc.mul
                0x00000000        0x0 c:/program files (x86)/atmel/studio/7.0/toolchain/avr8/avr8-gnu-toolchain/bin/../lib/gcc/avr/5.4.0/avr5\libgcc.a(_copy_data.o)
 .text.libgcc.div
                0x00000000        0x0 c:/program files (x86)/atmel/studio/7.0/toolchain/avr8/avr8-gnu-toolchain/bin/../lib/gcc/avr/5.4.0/avr5\libgcc.a(_copy_data.o)
 .text.libgcc   0x00000000        0x0 c:/program files (x86)/atmel/studio/7.0/toolchain/avr8/avr8-gnu-toolchain/bin/../lib/gcc/avr/5.4.0/avr5\libgcc.a(_copy_data.o)
 .text.libgcc.prologue
                0x00000000        0x0 c:/program files (x86)/atmel/studio/7.0/toolchain/avr8/avr8-gnu-toolchain/bin/../lib/gcc/avr/5.4.0/avr5\libgcc.a(_copy_data.o)
 .text.libgcc.builtins
                0x00000000        0x0 c:/program files (x86)/atmel/studio/7.0/toolchain/avr8/avr8-gnu-toolchain/bin/../lib/gcc/avr/5.4.0/avr5\libgcc.a(_copy_data.o)
 .text.libgcc.fmul
                0x00000000        0x0 c:/program files (x86)/atmel/studio/7.0/toolchain/avr8/avr8-gnu-toolchain/bin/../lib/gcc/avr/5.4.0/avr5\libgcc.a(_copy_data.o)
 .text.libgcc.fixed
                0x00000000        0x0 c:/program files (x86)/atmel/studio/7.0/toolchain/avr8/avr8-gnu-toolchain/bin/../lib/gcc/avr/5.4.0/avr5\libgcc.a(_copy_data.o)
 .text          0x00000000        0x0 c:/program files (x86)/atmel/studio/7.0/toolchain/avr8/avr8-gnu-toolchain/bin/../lib/gcc/avr/5.4.0/avr5\libgcc.a(_clear_bss.o)
 .data          0x00000000        0x0 c:/program files (x86)/atmel/studio/7.0/toolchain/avr8/avr8-gnu-toolchain/bin/../lib/gcc/avr/5.4.0/avr5\libgcc.a(_clear_bss.o)
 .bss           0x00000000        0x0 c:/program files (x86)/atmel/studio/7.0/toolchain/avr8/avr8-gnu-toolchain/bin/../lib/gcc/avr/5.4.0/avr5\libgcc.a(_clear_bss.o)
 .text.libgcc.mul
                0x00000000        0x0 c:/program files (x86)/atmel/studio/7.0/toolchain/avr8/avr8-gnu-toolchain/bin/../lib/gcc/avr/5.4.0/avr5\libgcc.a(_clear_bss.o)
 .text.libgcc.div
                0x00000000        0x0 c:/program files (x86)/atmel/studio/7.0/toolchain/avr8/avr8-gnu-toolchain/bin/../lib/gcc/avr/5.4.0/avr5\libgcc.a(_clear_bss.o)
 .text.libgcc   0x00000000        0x0 c:/program files (x86)/atmel/studio/7.0/toolchain/avr8/avr8-gnu-toolchain/bin/../lib/gcc/avr/5.4.0/avr5\libgcc.a(_clear_bss.o)
 .text.libgcc.prologue
                0x00000000        0x0 c:/program files (x86)/atmel/studio/7.0/toolchain/avr8/avr8-gnu-toolchain/bin/../lib/gcc/avr/5.4.0/avr5\libgcc.a(_clear_bss.o)
 .text.libgcc.builtins
                0x00000000        0x0 c:/program files (x86)/atmel/studio/7.0/toolchain/avr8/avr8-gnu-toolchain/bin/../lib/gcc/avr/5.4.0/avr5\libgcc.a(_clear_bss.o)
 .text.libgcc.fmul
                0x00000000        0x0 c:/program files (x86)/atmel/studio/7.0/toolchain/avr8/avr8-gnu-toolchain/bin/../lib/gcc/avr/5.4.0/avr5\libgcc.a(_clear_bss.o)
 .text.libgcc.fixed
                0x00000000        0x0 c:/program files (x86)/atmel/studio/7.0/toolchain/avr8/avr8-gnu-toolchain/bin/../lib/gcc/avr/5.4.0/avr5\libgcc.a(_clear_bss.o)
 .text          0x00000000        0x0 c:/program files (x86)/atmel/studio/7.0/toolchain/avr8/avr8-gnu-toolchain/bin/../lib/gcc/avr/5.4.0/../../../../avr/lib/avr5\libc.a(memcpy.o)
 .data          0x00000000        0x0 c:/program files (x86)/atmel/studio/7.0/toolchain/avr8/avr8-gnu-toolchain/bin/../lib/gcc/avr/5.4.0/../../../../avr/lib/avr5\libc.a(memcpy.o)
 .bss           0x00000000        0x0 c:/program files (x86)/atmel/studio/7.0/toolchain/avr8/avr8-gnu-toolchain/bin/../lib/gcc/avr/5.4.0/../../../../avr/lib/avr5\libc.a(memcpy.o)
 .text.avr-libc
                0x00000000       0x12 c:/program files (x86)/atmel/studio/7.0/toolchain/avr8/avr8-gnu-toolchain/bin/../lib/gcc/avr/5.4.0/../../../../avr/lib/avr5\libc.a(memcpy.o)

Memory Configuration

Name             Origin             Length             Attributes
text             0x00000000         0x00008000         xr
data             0x00800060         0x00000800         rw !x
eeprom           0x00810000         0x00000400         rw !x
fuse             0x00820000         0x00000002         rw !x
lock             0x00830000         0x00000400         rw !x
signature        0x00840000         0x00000400         rw !x
user_signatures  0x00850000         0x00000400         rw !x
*default*        0x00000000         0xffffffff

Linker script and memory map

LOAD C:/Program Files (x86)/Atmel/Studio/7.0/Packs/atmel/ATmega_DFP/1.6.364/gcc/dev/atmega32/avr5/crtatmega32.o
LOAD main.o
LOAD RtosFiles/croutine.o
LOAD RtosFiles/event_groups.o
LOAD RtosFiles/list.o
LOAD RtosFiles/Portable/GCC/port.o
LOAD RtosFiles/Portable/MemMang/heap_1.o
LOAD RtosFiles/queue.o
LOAD RtosFiles/tasks.o
LOAD RtosFiles/timers.o
START GROUP
LOAD c:/program files (x86)/atmel/studio/7.0/toolchain/avr8/avr8-gnu-toolchain/bin/../lib/gcc/avr/5.4.0/../../../../avr/lib/avr5\libm.a
END GROUP
START GROUP
LOAD c:/program files (x86)/atmel/studio/7.0/toolchain/avr8/avr8-gnu-toolchain/bin/../lib/gcc/avr/5.4.0/avr5\libgcc.a
LOAD c:/program files (x86)/atmel/studio/7.0/toolchain/avr8/avr8-gnu-toolchain/bin/../lib/gcc/avr/5.4.0/../../../../avr/lib/avr5\libm.a
LOAD c:/program files (x86)/atmel/studio/7.0/toolchain/avr8/avr8-gnu-toolchain/bin/../lib/gcc/avr/5.4.0/../../../../avr/lib/avr5\libc.a
LOAD C:/Program Files (x86)/Atmel/Studio/7.0/Packs/atmel/ATmega_DFP/1.6.364/gcc/dev/atmega32/avr5\libatmega32.a
END GROUP
                0x00000000                __TEXT_REGION_ORIGIN__ = DEFINED (__TEXT_REGION_ORIGIN__)?__TEXT_REGION_ORIGIN__:0x0
                [0x00800060]                __DATA_REGION_ORIGIN__ = DEFINED (__DATA_REGION_ORIGIN__)?__DATA_REGION_ORIGIN__:0x800060
                [0x00008000]                __TEXT_REGION_LENGTH__ = DEFINED (__TEXT_REGION_LENGTH__)?__TEXT_REGION_LENGTH__:0x20000
                [0x00000800]                __DATA_REGION_LENGTH__ = DEFINED (__DATA_REGION_LENGTH__)?__DATA_REGION_LENGTH__:0xffa0
                [0x00000400]                __EEPROM_REGION_LENGTH__ = DEFINED (__EEPROM_REGION_LENGTH__)?__EEPROM_REGION_LENGTH__:0x10000
                [0x00000002]                __FUSE_REGION_LENGTH__ = DEFINED (__FUSE_REGION_LENGTH__)?__FUSE_REGION_LENGTH__:0x400
                0x00000400                __LOCK_REGION_LENGTH__ = DEFINED (__LOCK_REGION_LENGTH__)?__LOCK_REGION_LENGTH__:0x400
                0x00000400                __SIGNATURE_REGION_LENGTH__ = DEFINED (__SIGNATURE_REGION_LENGTH__)?__SIGNATURE_REGION_LENGTH__:0x400
                0x00000400                __USER_SIGNATURE_REGION_LENGTH__ = DEFINED (__USER_SIGNATURE_REGION_LENGTH__)?__USER_SIGNATURE_REGION_LENGTH__:0x400

.hash
 *(.hash)

.dynsym
 *(.dynsym)

.dynstr
 *(.dynstr)

.gnu.version
 *(.gnu.version)

.gnu.version_d
 *(.gnu.version_d)

.gnu.version_r
 *(.gnu.version_r)

.rel.init
 *(.rel.init)

.rela.init
 *(.rela.init)

.rel.text
 *(.rel.text)
 *(.rel.text.*)
 *(.rel.gnu.linkonce.t*)

.rela.text
 *(.rela.text)
 *(.rela.text.*)
 *(.rela.gnu.linkonce.t*)

.rel.fini
 *(.rel.fini)

.rela.fini
 *(.rela.fini)

.rel.rodata
 *(.rel.rodata)
 *(.rel.rodata.*)
 *(.rel.gnu.linkonce.r*)

.rela.rodata
 *(.rela.rodata)
 *(.rela.rodata.*)
 *(.rela.gnu.linkonce.r*)

.rel.data
 *(.rel.data)
 *(.rel.data.*)
 *(.rel.gnu.linkonce.d*)

.rela.data
 *(.rela.data)
 *(.rela.data.*)
 *(.rela.gnu.linkonce.d*)

.rel.ctors
 *(.rel.ctors)

.rela.ctors
 *(.rela.ctors)

.rel.dtors
 *(.rel.dtors)

.rela.dtors
 *(.rela.dtors)

.rel.got
 *(.rel.got)

.rela.got
 *(.rela.got)

.rel.bss
 *(.rel.bss)

.rela.bss
 *(.rela.bss)

.rel.plt
 *(.rel.plt)

.rela.plt
 *(.rela.plt)

.text           0x00000000      0xe8c
 *(.vectors)
 .vectors       0x00000000       0x54 C:/Program Files (x86)/Atmel/Studio/7.0/Packs/atmel/ATmega_DFP/1.6.364/gcc/dev/atmega32/avr5/crtatmega32.o
                0x00000000                __vector_default
                0x00000000                __vectors
 *(.vectors)
 *(.progmem.gcc*)
                0x00000054                . = ALIGN (0x2)
                0x00000054                __trampolines_start = .
 *(.trampolines)
 .trampolines   0x00000054        0x0 linker stubs
 *(.trampolines*)
                0x00000054                __trampolines_end = .
 *libprintf_flt.a:*(.progmem.data)
 *libc.a:*(.progmem.data)
 *(.progmem*)
                0x00000054                . = ALIGN (0x2)
 *(.jumptables)
 *(.jumptables*)
 *(.lowtext)
 *(.lowtext*)
                0x00000054                __ctors_start = .
 *(.ctors)
                0x00000054                __ctors_end = .
                0x00000054                __dtors_start = .
 *(.dtors)
                0x00000054                __dtors_end = .
 SORT(*)(.ctors)
 SORT(*)(.dtors)
 *(.init0)
 .init0         0x00000054        0x0 C:/Program Files (x86)/Atmel/Studio/7.0/Packs/atmel/ATmega_DFP/1.6.364/gcc/dev/atmega32/avr5/crtatmega32.o
                0x00000054                __init
 *(.init0)
 *(.init1)
 *(.init1)
 *(.init2)
 .init2         0x00000054        0xc C:/Program Files (x86)/Atmel/Studio/7.0/Packs/atmel/ATmega_DFP/1.6.364/gcc/dev/atmega32/avr5/crtatmega32.o
 *(.init2)
 *(.init3)
 *(.init3)
 *(.init4)
 .init4         0x00000060       0x16 c:/program files (x86)/atmel/studio/7.0/toolchain/avr8/avr8-gnu-toolchain/bin/../lib/gcc/avr/5.4.0/avr5\libgcc.a(_copy_data.o)
                0x00000060                __do_copy_data
 .init4         0x00000076       0x10 c:/program files (x86)/atmel/studio/7.0/toolchain/avr8/avr8-gnu-toolchain/bin/../lib/gcc/avr/5.4.0/avr5\libgcc.a(_clear_bss.o)
                0x00000076                __do_clear_bss
 *(.init4)
 *(.init5)
 *(.init5)
 *(.init6)
 *(.init6)
 *(.init7)
 *(.init7)
 *(.init8)
 *(.init8)
 *(.init9)
 .init9         0x00000086        0x8 C:/Program Files (x86)/Atmel/Studio/7.0/Packs/atmel/ATmega_DFP/1.6.364/gcc/dev/atmega32/avr5/crtatmega32.o
 *(.init9)
 *(.text)
 .text          0x0000008e        0x4 C:/Program Files (x86)/Atmel/Studio/7.0/Packs/atmel/ATmega_DFP/1.6.364/gcc/dev/atmega32/avr5/crtatmega32.o
                0x0000008e                __vector_1
                0x0000008e                __vector_12
                0x0000008e                __bad_interrupt
                0x0000008e                __vector_6
                0x0000008e                __vector_3
                0x0000008e                __vector_11
                0x0000008e                __vector_13
                0x0000008e                __vector_17
                0x0000008e                __vector_19
                0x0000008e                __vector_5
                0x0000008e                __vector_4
                0x0000008e                __vector_9
                0x0000008e                __vector_2
                0x0000008e                __vector_15
                0x0000008e                __vector_8
                0x0000008e                __vector_14
                0x0000008e                __vector_10
                0x0000008e                __vector_16
                0x0000008e                __vector_18
                0x0000008e                __vector_20
                0x00000092                . = ALIGN (0x2)
 *(.text.*)
 .text.Task1_Func
                0x00000092       0x12 main.o
                0x00000092                Task1_Func
 .text.Task2_Func
                0x000000a4       0x12 main.o
                0x000000a4                Task2_Func
 .text.Task3_Func
                0x000000b6       0x12 main.o
                0x000000b6                Task3_Func
 .text.main     0x000000c8       0x6c main.o
                0x000000c8                main
 .text.vListInitialise
                0x00000134       0x1c RtosFiles/list.o
                0x00000134                vListInitialise
 .text.vListInitialiseItem
                0x00000150        0x8 RtosFiles/list.o
                0x00000150                vListInitialiseItem
 .text.vListInsert
                0x00000158       0x62 RtosFiles/list.o
                0x00000158                vListInsert
 .text.uxListRemove
                0x000001ba       0x4e RtosFiles/list.o
                0x000001ba                uxListRemove
 .text.prvSetupTimerInterrupt
                0x00000208       0x12 RtosFiles/Portable/GCC/port.o
 .text.pxPortInitialiseStack
                0x0000021a       0xd8 RtosFiles/Portable/GCC/port.o
                0x0000021a                pxPortInitialiseStack
 .text.xPortStartScheduler
                0x000002f2       0x5e RtosFiles/Portable/GCC/port.o
                0x000002f2                xPortStartScheduler
 .text.vPortYield
                0x00000350       0xb2 RtosFiles/Portable/GCC/port.o
                0x00000350                vPortYield
 .text.vPortYieldFromTick
                0x00000402       0xb8 RtosFiles/Portable/GCC/port.o
                0x00000402                vPortYieldFromTick
 .text.__vector_7
                0x000004ba        0x6 RtosFiles/Portable/GCC/port.o
                0x000004ba                __vector_7
 .text.pvPortMalloc
                0x000004c0       0x74 RtosFiles/Portable/MemMang/heap_1.o
                0x000004c0                pvPortMalloc
 .text.vPortFree
                0x00000534        0x2 RtosFiles/Portable/MemMang/heap_1.o
                0x00000534                vPortFree
 .text.prvResetNextTaskUnblockTime
                0x00000536       0x38 RtosFiles/tasks.o
 .text.prvDeleteTCB
                0x0000056e       0x1a RtosFiles/tasks.o
 .text.prvInitialiseNewTask
                0x00000588       0xfc RtosFiles/tasks.o
 .text.prvInitialiseTaskLists
                0x00000684       0x66 RtosFiles/tasks.o
 .text.prvAddNewTaskToReadyList
                0x000006ea       0xfa RtosFiles/tasks.o
 .text.prvCheckTasksWaitingTermination
                0x000007e4       0x4c RtosFiles/tasks.o
 .text.prvIdleTask
                0x00000830       0x12 RtosFiles/tasks.o
 .text.prvAddCurrentTaskToDelayedList
                0x00000842       0x88 RtosFiles/tasks.o
 .text.xTaskCreate
                0x000008ca       0xa8 RtosFiles/tasks.o
                0x000008ca                xTaskCreate
 .text.vTaskStartScheduler
                0x00000972       0x58 RtosFiles/tasks.o
                0x00000972                vTaskStartScheduler
 .text.vTaskSuspendAll
                0x000009ca        0xc RtosFiles/tasks.o
                0x000009ca                vTaskSuspendAll
 .text.xTaskIncrementTick
                0x000009d6      0x234 RtosFiles/tasks.o
                0x000009d6                xTaskIncrementTick
 .text.xTaskResumeAll
                0x00000c0a      0x1aa RtosFiles/tasks.o
                0x00000c0a                xTaskResumeAll
 .text.vTaskDelay
                0x00000db4       0x2c RtosFiles/tasks.o
                0x00000db4                vTaskDelay
 .text.vTaskSwitchContext
                0x00000de0       0xa8 RtosFiles/tasks.o
                0x00000de0                vTaskSwitchContext
                0x00000e88                . = ALIGN (0x2)
 *(.fini9)
 .fini9         0x00000e88        0x0 c:/program files (x86)/atmel/studio/7.0/toolchain/avr8/avr8-gnu-toolchain/bin/../lib/gcc/avr/5.4.0/avr5\libgcc.a(_exit.o)
                0x00000e88                _exit
                0x00000e88                exit
 *(.fini9)
 *(.fini8)
 *(.fini8)
 *(.fini7)
 *(.fini7)
 *(.fini6)
 *(.fini6)
 *(.fini5)
 *(.fini5)
 *(.fini4)
 *(.fini4)
 *(.fini3)
 *(.fini3)
 *(.fini2)
 *(.fini2)
 *(.fini1)
 *(.fini1)
 *(.fini0)
 .fini0         0x00000e88        0x4 c:/program files (x86)/atmel/studio/7.0/toolchain/avr8/avr8-gnu-toolchain/bin/../lib/gcc/avr/5.4.0/avr5\libgcc.a(_exit.o)
 *(.fini0)
                0x00000e8c                _etext = .

.data           0x00800060       0x1a load address 0x00000e8c
                0x00800060                PROVIDE (__data_start, .)
 *(.data)
 *(.data*)
 .data.uxTopUsedPriority
                0x00800060        0x1 RtosFiles/tasks.o
                0x00800060                uxTopUsedPriority
 *(.gnu.linkonce.d*)
 *(.rodata)
 *(.rodata*)
 .rodata.str1.1
                0x00800061       0x13 main.o
 .rodata.str1.1
                0x00800074        0x5 RtosFiles/tasks.o
 *(.gnu.linkonce.r*)
                0x0080007a                . = ALIGN (0x2)
 *fill*         0x00800079        0x1 
                0x0080007a                _edata = .
                0x0080007a                PROVIDE (__data_end, .)

.bss            0x0080007a      0x644
                0x0080007a                PROVIDE (__bss_start, .)
 *(.bss)
 *(.bss*)
 .bss.pucAlignedHeap.2109
                0x0080007a        0x2 RtosFiles/Portable/MemMang/heap_1.o
 .bss.xNextFreeByte
                0x0080007c        0x2 RtosFiles/Portable/MemMang/heap_1.o
 .bss.ucHeap    0x0080007e      0x5dc RtosFiles/Portable/MemMang/heap_1.o
 .bss.uxSchedulerSuspended
                0x0080065a        0x1 RtosFiles/tasks.o
 .bss.xIdleTaskHandle
                0x0080065b        0x2 RtosFiles/tasks.o
 .bss.xNextTaskUnblockTime
                0x0080065d        0x2 RtosFiles/tasks.o
 .bss.uxTaskNumber
                0x0080065f        0x1 RtosFiles/tasks.o
 .bss.xNumOfOverflows
                0x00800660        0x1 RtosFiles/tasks.o
 .bss.xYieldPending
                0x00800661        0x1 RtosFiles/tasks.o
 .bss.xPendedTicks
                0x00800662        0x2 RtosFiles/tasks.o
 .bss.xSchedulerRunning
                0x00800664        0x1 RtosFiles/tasks.o
 .bss.uxTopReadyPriority
                0x00800665        0x1 RtosFiles/tasks.o
 .bss.xTickCount
                0x00800666        0x2 RtosFiles/tasks.o
 .bss.uxCurrentNumberOfTasks
                0x00800668        0x1 RtosFiles/tasks.o
 .bss.uxDeletedTasksWaitingCleanUp
                0x00800669        0x1 RtosFiles/tasks.o
 .bss.xTasksWaitingTermination
                0x0080066a        0x9 RtosFiles/tasks.o
 .bss.xPendingReadyList
                0x00800673        0x9 RtosFiles/tasks.o
 .bss.pxOverflowDelayedTaskList
                0x0080067c        0x2 RtosFiles/tasks.o
 .bss.pxDelayedTaskList
                0x0080067e        0x2 RtosFiles/tasks.o
 .bss.xDelayedTaskList2
                0x00800680        0x9 RtosFiles/tasks.o
 .bss.xDelayedTaskList1
                0x00800689        0x9 RtosFiles/tasks.o
 .bss.pxReadyTasksLists
                0x00800692       0x24 RtosFiles/tasks.o
 .bss.pxCurrentTCB
                0x008006b6        0x2 RtosFiles/tasks.o
                0x008006b6                pxCurrentTCB
 *(COMMON)
 COMMON         0x008006b8        0x6 main.o
                0x008006b8                task3ptr
                0x008006ba                task2ptr
                0x008006bc                task1ptr
                0x008006be                PROVIDE (__bss_end, .)
                0x00000e8c                __data_load_start = LOADADDR (.data)
                0x00000ea6                __data_load_end = (__data_load_start + SIZEOF (.data))

.noinit         0x008006be        0x0
                [!provide]                PROVIDE (__noinit_start, .)
 *(.noinit*)
                [!provide]                PROVIDE (__noinit_end, .)
                0x008006be                _end = .
                [!provide]                PROVIDE (__heap_start, .)

.eeprom         0x00810000        0x0
 *(.eeprom*)
                0x00810000                __eeprom_end = .

.fuse
 *(.fuse)
 *(.lfuse)
 *(.hfuse)
 *(.efuse)

.lock
 *(.lock*)

.signature
 *(.signature*)

.user_signatures
 *(.user_signatures*)

.stab
 *(.stab)

.stabstr
 *(.stabstr)

.stab.excl
 *(.stab.excl)

.stab.exclstr
 *(.stab.exclstr)

.stab.index
 *(.stab.index)

.stab.indexstr
 *(.stab.indexstr)

.comment        0x00000000       0x30
 *(.comment)
 .comment       0x00000000       0x30 main.o
                                 0x31 (size before relaxing)
 .comment       0x00000030       0x31 RtosFiles/list.o
 .comment       0x00000030       0x31 RtosFiles/Portable/GCC/port.o
 .comment       0x00000030       0x31 RtosFiles/Portable/MemMang/heap_1.o
 .comment       0x00000030       0x31 RtosFiles/tasks.o

.note.gnu.avr.deviceinfo
                0x00000000       0x3c
 .note.gnu.avr.deviceinfo
                0x00000000       0x3c C:/Program Files (x86)/Atmel/Studio/7.0/Packs/atmel/ATmega_DFP/1.6.364/gcc/dev/atmega32/avr5/crtatmega32.o

.note.gnu.build-id
 *(.note.gnu.build-id)

.debug
 *(.debug)

.line
 *(.line)

.debug_srcinfo
 *(.debug_srcinfo)

.debug_sfnames
 *(.debug_sfnames)

.debug_aranges  0x00000000      0x250
 *(.debug_aranges)
 .debug_aranges
                0x00000000       0x38 main.o
 .debug_aranges
                0x00000038       0x40 RtosFiles/list.o
 .debug_aranges
                0x00000078       0x50 RtosFiles/Portable/GCC/port.o
 .debug_aranges
                0x000000c8       0x38 RtosFiles/Portable/MemMang/heap_1.o
 .debug_aranges
                0x00000100      0x150 RtosFiles/tasks.o

.debug_pubnames
 *(.debug_pubnames)

.debug_info     0x00000000     0x2810
 *(.debug_info .gnu.linkonce.wi.*)
 .debug_info    0x00000000      0x4e6 C:/Program Files (x86)/Atmel/Studio/7.0/Packs/atmel/ATmega_DFP/1.6.364/gcc/dev/atmega32/avr5/crtatmega32.o
 .debug_info    0x000004e6      0x2cf main.o
 .debug_info    0x000007b5      0x2d8 RtosFiles/list.o
 .debug_info    0x00000a8d      0x24e RtosFiles/Portable/GCC/port.o
 .debug_info    0x00000cdb      0x1a4 RtosFiles/Portable/MemMang/heap_1.o
 .debug_info    0x00000e7f     0x1991 RtosFiles/tasks.o

.debug_abbrev   0x00000000      0xb84
 *(.debug_abbrev)
 .debug_abbrev  0x00000000      0x4a3 C:/Program Files (x86)/Atmel/Studio/7.0/Packs/atmel/ATmega_DFP/1.6.364/gcc/dev/atmega32/avr5/crtatmega32.o
 .debug_abbrev  0x000004a3       0xef main.o
 .debug_abbrev  0x00000592       0xff RtosFiles/list.o
 .debug_abbrev  0x00000691      0x143 RtosFiles/Portable/GCC/port.o
 .debug_abbrev  0x000007d4      0x11c RtosFiles/Portable/MemMang/heap_1.o
 .debug_abbrev  0x000008f0      0x294 RtosFiles/tasks.o

.debug_line     0x00000000     0x18bc
 *(.debug_line .debug_line.* .debug_line_end)
 .debug_line    0x00000000      0x116 C:/Program Files (x86)/Atmel/Studio/7.0/Packs/atmel/ATmega_DFP/1.6.364/gcc/dev/atmega32/avr5/crtatmega32.o
 .debug_line    0x00000116      0x145 main.o
 .debug_line    0x0000025b      0x207 RtosFiles/list.o
 .debug_line    0x00000462      0x2c7 RtosFiles/Portable/GCC/port.o
 .debug_line    0x00000729      0x1db RtosFiles/Portable/MemMang/heap_1.o
 .debug_line    0x00000904      0xfb8 RtosFiles/tasks.o

.debug_frame    0x00000000      0x6cc
 *(.debug_frame)
 .debug_frame   0x00000000       0x54 main.o
 .debug_frame   0x00000054       0x88 RtosFiles/list.o
 .debug_frame   0x000000dc       0x84 RtosFiles/Portable/GCC/port.o
 .debug_frame   0x00000160       0x60 RtosFiles/Portable/MemMang/heap_1.o
 .debug_frame   0x000001c0      0x50c RtosFiles/tasks.o

.debug_str      0x00000000      0xf2f
 *(.debug_str)
 .debug_str     0x00000000      0x196 C:/Program Files (x86)/Atmel/Studio/7.0/Packs/atmel/ATmega_DFP/1.6.364/gcc/dev/atmega32/avr5/crtatmega32.o
 .debug_str     0x00000196      0x1e7 main.o
                                0x220 (size before relaxing)
 .debug_str     0x0000037d      0x151 RtosFiles/list.o
                                0x2cb (size before relaxing)
 .debug_str     0x000004ce      0x136 RtosFiles/Portable/GCC/port.o
                                0x2d1 (size before relaxing)
 .debug_str     0x00000604       0xc8 RtosFiles/Portable/MemMang/heap_1.o
                                0x24d (size before relaxing)
 .debug_str     0x000006cc      0x863 RtosFiles/tasks.o
                                0xc54 (size before relaxing)

.debug_loc      0x00000000     0x2238
 *(.debug_loc)
 .debug_loc     0x00000000      0x145 RtosFiles/list.o
 .debug_loc     0x00000145      0x2a0 RtosFiles/Portable/GCC/port.o
 .debug_loc     0x000003e5      0x10f RtosFiles/Portable/MemMang/heap_1.o
 .debug_loc     0x000004f4     0x1d44 RtosFiles/tasks.o

.debug_macinfo
 *(.debug_macinfo)

.debug_weaknames
 *(.debug_weaknames)

.debug_funcnames
 *(.debug_funcnames)

.debug_typenames
 *(.debug_typenames)

.debug_varnames
 *(.debug_varnames)

.debug_pubtypes
 *(.debug_pubtypes)

.debug_ranges   0x00000000      0x240
 *(.debug_ranges)
 .debug_ranges  0x00000000       0x28 main.o
 .debug_ranges  0x00000028       0x30 RtosFiles/list.o
 .debug_ranges  0x00000058       0x40 RtosFiles/Portable/GCC/port.o
 .debug_ranges  0x00000098       0x28 RtosFiles/Portable/MemMang/heap_1.o
 .debug_ranges  0x000000c0      0x180 RtosFiles/tasks.o

.debug_macro
 *(.debug_macro)
OUTPUT(3LedRtos.elf elf32-avr)
LOAD linker stubs
