Archive member included to satisfy reference by file (symbol)

c:/st/stm32cubeide_1.9.0/stm32cubeide/plugins/com.st.stm32cube.ide.mcu.externaltools.gnu-tools-for-stm32.10.3-2021.10.win32_1.0.0.202111181127/tools/bin/../lib/gcc/arm-none-eabi/10.3.1/../../../../arm-none-eabi/lib/thumb/v7e-m+fp/hard\libc_nano.a(lib_a-errno.o)
                              ./src/syscalls.o (__errno)
c:/st/stm32cubeide_1.9.0/stm32cubeide/plugins/com.st.stm32cube.ide.mcu.externaltools.gnu-tools-for-stm32.10.3-2021.10.win32_1.0.0.202111181127/tools/bin/../lib/gcc/arm-none-eabi/10.3.1/../../../../arm-none-eabi/lib/thumb/v7e-m+fp/hard\libc_nano.a(lib_a-exit.o)
                              c:/st/stm32cubeide_1.9.0/stm32cubeide/plugins/com.st.stm32cube.ide.mcu.externaltools.gnu-tools-for-stm32.10.3-2021.10.win32_1.0.0.202111181127/tools/bin/../lib/gcc/arm-none-eabi/10.3.1/../../../../arm-none-eabi/lib/thumb/v7e-m+fp/hard/crt0.o (exit)
c:/st/stm32cubeide_1.9.0/stm32cubeide/plugins/com.st.stm32cube.ide.mcu.externaltools.gnu-tools-for-stm32.10.3-2021.10.win32_1.0.0.202111181127/tools/bin/../lib/gcc/arm-none-eabi/10.3.1/../../../../arm-none-eabi/lib/thumb/v7e-m+fp/hard\libc_nano.a(lib_a-impure.o)
                              c:/st/stm32cubeide_1.9.0/stm32cubeide/plugins/com.st.stm32cube.ide.mcu.externaltools.gnu-tools-for-stm32.10.3-2021.10.win32_1.0.0.202111181127/tools/bin/../lib/gcc/arm-none-eabi/10.3.1/../../../../arm-none-eabi/lib/thumb/v7e-m+fp/hard\libc_nano.a(lib_a-exit.o) (_global_impure_ptr)
c:/st/stm32cubeide_1.9.0/stm32cubeide/plugins/com.st.stm32cube.ide.mcu.externaltools.gnu-tools-for-stm32.10.3-2021.10.win32_1.0.0.202111181127/tools/bin/../lib/gcc/arm-none-eabi/10.3.1/../../../../arm-none-eabi/lib/thumb/v7e-m+fp/hard\libc_nano.a(lib_a-init.o)
                              c:/st/stm32cubeide_1.9.0/stm32cubeide/plugins/com.st.stm32cube.ide.mcu.externaltools.gnu-tools-for-stm32.10.3-2021.10.win32_1.0.0.202111181127/tools/bin/../lib/gcc/arm-none-eabi/10.3.1/../../../../arm-none-eabi/lib/thumb/v7e-m+fp/hard/crt0.o (__libc_init_array)
c:/st/stm32cubeide_1.9.0/stm32cubeide/plugins/com.st.stm32cube.ide.mcu.externaltools.gnu-tools-for-stm32.10.3-2021.10.win32_1.0.0.202111181127/tools/bin/../lib/gcc/arm-none-eabi/10.3.1/../../../../arm-none-eabi/lib/thumb/v7e-m+fp/hard\libc_nano.a(lib_a-memset.o)
                              c:/st/stm32cubeide_1.9.0/stm32cubeide/plugins/com.st.stm32cube.ide.mcu.externaltools.gnu-tools-for-stm32.10.3-2021.10.win32_1.0.0.202111181127/tools/bin/../lib/gcc/arm-none-eabi/10.3.1/../../../../arm-none-eabi/lib/thumb/v7e-m+fp/hard/crt0.o (memset)

Discarded input sections

 .text          0x0000000000000000        0x0 c:/st/stm32cubeide_1.9.0/stm32cubeide/plugins/com.st.stm32cube.ide.mcu.externaltools.gnu-tools-for-stm32.10.3-2021.10.win32_1.0.0.202111181127/tools/bin/../lib/gcc/arm-none-eabi/10.3.1/thumb/v7e-m+fp/hard/crti.o
 .data          0x0000000000000000        0x0 c:/st/stm32cubeide_1.9.0/stm32cubeide/plugins/com.st.stm32cube.ide.mcu.externaltools.gnu-tools-for-stm32.10.3-2021.10.win32_1.0.0.202111181127/tools/bin/../lib/gcc/arm-none-eabi/10.3.1/thumb/v7e-m+fp/hard/crti.o
 .bss           0x0000000000000000        0x0 c:/st/stm32cubeide_1.9.0/stm32cubeide/plugins/com.st.stm32cube.ide.mcu.externaltools.gnu-tools-for-stm32.10.3-2021.10.win32_1.0.0.202111181127/tools/bin/../lib/gcc/arm-none-eabi/10.3.1/thumb/v7e-m+fp/hard/crti.o
 .data          0x0000000000000000        0x4 c:/st/stm32cubeide_1.9.0/stm32cubeide/plugins/com.st.stm32cube.ide.mcu.externaltools.gnu-tools-for-stm32.10.3-2021.10.win32_1.0.0.202111181127/tools/bin/../lib/gcc/arm-none-eabi/10.3.1/thumb/v7e-m+fp/hard/crtbegin.o
 .rodata        0x0000000000000000       0x24 c:/st/stm32cubeide_1.9.0/stm32cubeide/plugins/com.st.stm32cube.ide.mcu.externaltools.gnu-tools-for-stm32.10.3-2021.10.win32_1.0.0.202111181127/tools/bin/../lib/gcc/arm-none-eabi/10.3.1/thumb/v7e-m+fp/hard/crtbegin.o
 .text          0x0000000000000000       0x7c c:/st/stm32cubeide_1.9.0/stm32cubeide/plugins/com.st.stm32cube.ide.mcu.externaltools.gnu-tools-for-stm32.10.3-2021.10.win32_1.0.0.202111181127/tools/bin/../lib/gcc/arm-none-eabi/10.3.1/../../../../arm-none-eabi/lib/thumb/v7e-m+fp/hard/crt0.o
 .data          0x0000000000000000        0x0 c:/st/stm32cubeide_1.9.0/stm32cubeide/plugins/com.st.stm32cube.ide.mcu.externaltools.gnu-tools-for-stm32.10.3-2021.10.win32_1.0.0.202111181127/tools/bin/../lib/gcc/arm-none-eabi/10.3.1/../../../../arm-none-eabi/lib/thumb/v7e-m+fp/hard/crt0.o
 .bss           0x0000000000000000        0x0 c:/st/stm32cubeide_1.9.0/stm32cubeide/plugins/com.st.stm32cube.ide.mcu.externaltools.gnu-tools-for-stm32.10.3-2021.10.win32_1.0.0.202111181127/tools/bin/../lib/gcc/arm-none-eabi/10.3.1/../../../../arm-none-eabi/lib/thumb/v7e-m+fp/hard/crt0.o
 .ARM.extab     0x0000000000000000        0x0 c:/st/stm32cubeide_1.9.0/stm32cubeide/plugins/com.st.stm32cube.ide.mcu.externaltools.gnu-tools-for-stm32.10.3-2021.10.win32_1.0.0.202111181127/tools/bin/../lib/gcc/arm-none-eabi/10.3.1/../../../../arm-none-eabi/lib/thumb/v7e-m+fp/hard/crt0.o
 .ARM.exidx     0x0000000000000000       0x10 c:/st/stm32cubeide_1.9.0/stm32cubeide/plugins/com.st.stm32cube.ide.mcu.externaltools.gnu-tools-for-stm32.10.3-2021.10.win32_1.0.0.202111181127/tools/bin/../lib/gcc/arm-none-eabi/10.3.1/../../../../arm-none-eabi/lib/thumb/v7e-m+fp/hard/crt0.o
 .ARM.attributes
                0x0000000000000000       0x1c c:/st/stm32cubeide_1.9.0/stm32cubeide/plugins/com.st.stm32cube.ide.mcu.externaltools.gnu-tools-for-stm32.10.3-2021.10.win32_1.0.0.202111181127/tools/bin/../lib/gcc/arm-none-eabi/10.3.1/../../../../arm-none-eabi/lib/thumb/v7e-m+fp/hard/crt0.o
 .group         0x0000000000000000        0xc ./Drivers/src/PollDataClient.o
 .group         0x0000000000000000        0xc ./Drivers/src/PollDataClient.o
 .group         0x0000000000000000        0xc ./Drivers/src/PollDataClient.o
 .group         0x0000000000000000        0xc ./Drivers/src/PollDataClient.o
 .group         0x0000000000000000        0xc ./Drivers/src/PollDataClient.o
 .group         0x0000000000000000        0xc ./Drivers/src/PollDataClient.o
 .group         0x0000000000000000        0xc ./Drivers/src/PollDataClient.o
 .group         0x0000000000000000        0xc ./Drivers/src/PollDataClient.o
 .group         0x0000000000000000        0xc ./Drivers/src/PollDataClient.o
 .group         0x0000000000000000        0xc ./Drivers/src/PollDataClient.o
 .group         0x0000000000000000        0xc ./Drivers/src/PollDataClient.o
 .group         0x0000000000000000        0xc ./Drivers/src/PollDataClient.o
 .group         0x0000000000000000        0xc ./Drivers/src/PollDataClient.o
 .text          0x0000000000000000        0x0 ./Drivers/src/PollDataClient.o
 .data          0x0000000000000000        0x0 ./Drivers/src/PollDataClient.o
 .bss           0x0000000000000000        0x0 ./Drivers/src/PollDataClient.o
 .text.Handle_data
                0x0000000000000000       0x4c ./Drivers/src/PollDataClient.o
 .debug_info    0x0000000000000000      0x190 ./Drivers/src/PollDataClient.o
 .debug_abbrev  0x0000000000000000       0xc2 ./Drivers/src/PollDataClient.o
 .debug_aranges
                0x0000000000000000       0x20 ./Drivers/src/PollDataClient.o
 .debug_ranges  0x0000000000000000       0x10 ./Drivers/src/PollDataClient.o
 .debug_macro   0x0000000000000000       0xb5 ./Drivers/src/PollDataClient.o
 .debug_macro   0x0000000000000000      0xa84 ./Drivers/src/PollDataClient.o
 .debug_macro   0x0000000000000000       0x65 ./Drivers/src/PollDataClient.o
 .debug_macro   0x0000000000000000       0x3b ./Drivers/src/PollDataClient.o
 .debug_macro   0x0000000000000000       0x22 ./Drivers/src/PollDataClient.o
 .debug_macro   0x0000000000000000       0x8e ./Drivers/src/PollDataClient.o
 .debug_macro   0x0000000000000000       0x51 ./Drivers/src/PollDataClient.o
 .debug_macro   0x0000000000000000      0x103 ./Drivers/src/PollDataClient.o
 .debug_macro   0x0000000000000000       0x6a ./Drivers/src/PollDataClient.o
 .debug_macro   0x0000000000000000      0x1df ./Drivers/src/PollDataClient.o
 .debug_macro   0x0000000000000000       0x34 ./Drivers/src/PollDataClient.o
 .debug_macro   0x0000000000000000       0x26 ./Drivers/src/PollDataClient.o
 .debug_macro   0x0000000000000000      0xe43 ./Drivers/src/PollDataClient.o
 .debug_macro   0x0000000000000000     0x800a ./Drivers/src/PollDataClient.o
 .debug_line    0x0000000000000000      0x525 ./Drivers/src/PollDataClient.o
 .debug_str     0x0000000000000000    0x35607 ./Drivers/src/PollDataClient.o
 .comment       0x0000000000000000       0x51 ./Drivers/src/PollDataClient.o
 .debug_frame   0x0000000000000000       0x38 ./Drivers/src/PollDataClient.o
 .ARM.attributes
                0x0000000000000000       0x34 ./Drivers/src/PollDataClient.o
 .group         0x0000000000000000        0xc ./Drivers/src/PollerTimer.o
 .group         0x0000000000000000        0xc ./Drivers/src/PollerTimer.o
 .group         0x0000000000000000        0xc ./Drivers/src/PollerTimer.o
 .group         0x0000000000000000        0xc ./Drivers/src/PollerTimer.o
 .group         0x0000000000000000        0xc ./Drivers/src/PollerTimer.o
 .group         0x0000000000000000        0xc ./Drivers/src/PollerTimer.o
 .group         0x0000000000000000        0xc ./Drivers/src/PollerTimer.o
 .group         0x0000000000000000        0xc ./Drivers/src/PollerTimer.o
 .group         0x0000000000000000        0xc ./Drivers/src/PollerTimer.o
 .group         0x0000000000000000        0xc ./Drivers/src/PollerTimer.o
 .group         0x0000000000000000        0xc ./Drivers/src/PollerTimer.o
 .group         0x0000000000000000        0xc ./Drivers/src/PollerTimer.o
 .group         0x0000000000000000        0xc ./Drivers/src/PollerTimer.o
 .text          0x0000000000000000        0x0 ./Drivers/src/PollerTimer.o
 .data          0x0000000000000000        0x0 ./Drivers/src/PollerTimer.o
 .bss           0x0000000000000000        0x0 ./Drivers/src/PollerTimer.o
 .text.NVIC_DisableIRQ
                0x0000000000000000       0x34 ./Drivers/src/PollerTimer.o
 .text.StopTimer
                0x0000000000000000       0x22 ./Drivers/src/PollerTimer.o
 .text.DisableInterrupt
                0x0000000000000000       0x22 ./Drivers/src/PollerTimer.o
 .debug_macro   0x0000000000000000      0xa84 ./Drivers/src/PollerTimer.o
 .debug_macro   0x0000000000000000       0x65 ./Drivers/src/PollerTimer.o
 .debug_macro   0x0000000000000000       0x3b ./Drivers/src/PollerTimer.o
 .debug_macro   0x0000000000000000       0x22 ./Drivers/src/PollerTimer.o
 .debug_macro   0x0000000000000000       0x8e ./Drivers/src/PollerTimer.o
 .debug_macro   0x0000000000000000       0x51 ./Drivers/src/PollerTimer.o
 .debug_macro   0x0000000000000000      0x103 ./Drivers/src/PollerTimer.o
 .debug_macro   0x0000000000000000       0x6a ./Drivers/src/PollerTimer.o
 .debug_macro   0x0000000000000000      0x1df ./Drivers/src/PollerTimer.o
 .debug_macro   0x0000000000000000       0x34 ./Drivers/src/PollerTimer.o
 .debug_macro   0x0000000000000000       0x26 ./Drivers/src/PollerTimer.o
 .debug_macro   0x0000000000000000      0xe43 ./Drivers/src/PollerTimer.o
 .debug_macro   0x0000000000000000     0x800a ./Drivers/src/PollerTimer.o
 .group         0x0000000000000000        0xc ./Drivers/src/device.o
 .text          0x0000000000000000        0x0 ./Drivers/src/device.o
 .data          0x0000000000000000        0x0 ./Drivers/src/device.o
 .bss           0x0000000000000000        0x4 ./Drivers/src/device.o
 .text.Get_Data
                0x0000000000000000       0x1c ./Drivers/src/device.o
 .debug_info    0x0000000000000000       0x59 ./Drivers/src/device.o
 .debug_abbrev  0x0000000000000000       0x51 ./Drivers/src/device.o
 .debug_aranges
                0x0000000000000000       0x20 ./Drivers/src/device.o
 .debug_ranges  0x0000000000000000       0x10 ./Drivers/src/device.o
 .debug_macro   0x0000000000000000       0x1b ./Drivers/src/device.o
 .debug_macro   0x0000000000000000      0xa84 ./Drivers/src/device.o
 .debug_line    0x0000000000000000       0xb8 ./Drivers/src/device.o
 .debug_str     0x0000000000000000     0x2d1b ./Drivers/src/device.o
 .comment       0x0000000000000000       0x51 ./Drivers/src/device.o
 .debug_frame   0x0000000000000000       0x30 ./Drivers/src/device.o
 .ARM.attributes
                0x0000000000000000       0x34 ./Drivers/src/device.o
 .group         0x0000000000000000        0xc ./Drivers/src/ds1307.o
 .text          0x0000000000000000        0x0 ./Drivers/src/ds1307.o
 .text.Time_ReadData
                0x0000000000000000       0x48 ./Drivers/src/ds1307.o
 .debug_macro   0x0000000000000000      0xa84 ./Drivers/src/ds1307.o
 .group         0x0000000000000000        0xc ./Drivers/src/i2c.o
 .group         0x0000000000000000        0xc ./Drivers/src/i2c.o
 .group         0x0000000000000000        0xc ./Drivers/src/i2c.o
 .group         0x0000000000000000        0xc ./Drivers/src/i2c.o
 .group         0x0000000000000000        0xc ./Drivers/src/i2c.o
 .group         0x0000000000000000        0xc ./Drivers/src/i2c.o
 .group         0x0000000000000000        0xc ./Drivers/src/i2c.o
 .group         0x0000000000000000        0xc ./Drivers/src/i2c.o
 .group         0x0000000000000000        0xc ./Drivers/src/i2c.o
 .group         0x0000000000000000        0xc ./Drivers/src/i2c.o
 .group         0x0000000000000000        0xc ./Drivers/src/i2c.o
 .group         0x0000000000000000        0xc ./Drivers/src/i2c.o
 .group         0x0000000000000000        0xc ./Drivers/src/i2c.o
 .text          0x0000000000000000        0x0 ./Drivers/src/i2c.o
 .data          0x0000000000000000        0x0 ./Drivers/src/i2c.o
 .bss           0x0000000000000000        0x0 ./Drivers/src/i2c.o
 .debug_macro   0x0000000000000000      0xa84 ./Drivers/src/i2c.o
 .debug_macro   0x0000000000000000       0x65 ./Drivers/src/i2c.o
 .debug_macro   0x0000000000000000       0x3b ./Drivers/src/i2c.o
 .debug_macro   0x0000000000000000       0x22 ./Drivers/src/i2c.o
 .debug_macro   0x0000000000000000       0x8e ./Drivers/src/i2c.o
 .debug_macro   0x0000000000000000       0x51 ./Drivers/src/i2c.o
 .debug_macro   0x0000000000000000      0x103 ./Drivers/src/i2c.o
 .debug_macro   0x0000000000000000       0x6a ./Drivers/src/i2c.o
 .debug_macro   0x0000000000000000      0x1df ./Drivers/src/i2c.o
 .debug_macro   0x0000000000000000       0x34 ./Drivers/src/i2c.o
 .debug_macro   0x0000000000000000       0x26 ./Drivers/src/i2c.o
 .debug_macro   0x0000000000000000      0xe43 ./Drivers/src/i2c.o
 .debug_macro   0x0000000000000000     0x800a ./Drivers/src/i2c.o
 .group         0x0000000000000000        0xc ./Drivers/src/poller.o
 .text          0x0000000000000000        0x0 ./Drivers/src/poller.o
 .text.StopPolling
                0x0000000000000000       0x18 ./Drivers/src/poller.o
 .debug_macro   0x0000000000000000      0xa84 ./Drivers/src/poller.o
 .group         0x0000000000000000        0xc ./src/main.o
 .group         0x0000000000000000        0xc ./src/main.o
 .group         0x0000000000000000        0xc ./src/main.o
 .group         0x0000000000000000        0xc ./src/main.o
 .group         0x0000000000000000        0xc ./src/main.o
 .group         0x0000000000000000        0xc ./src/main.o
 .group         0x0000000000000000        0xc ./src/main.o
 .group         0x0000000000000000        0xc ./src/main.o
 .group         0x0000000000000000        0xc ./src/main.o
 .group         0x0000000000000000        0xc ./src/main.o
 .group         0x0000000000000000        0xc ./src/main.o
 .group         0x0000000000000000        0xc ./src/main.o
 .group         0x0000000000000000        0xc ./src/main.o
 .text          0x0000000000000000        0x0 ./src/main.o
 .data          0x0000000000000000        0x0 ./src/main.o
 .bss           0x0000000000000000        0x0 ./src/main.o
 .debug_macro   0x0000000000000000      0xa84 ./src/main.o
 .debug_macro   0x0000000000000000       0x65 ./src/main.o
 .debug_macro   0x0000000000000000       0x3b ./src/main.o
 .debug_macro   0x0000000000000000       0x22 ./src/main.o
 .debug_macro   0x0000000000000000       0x8e ./src/main.o
 .debug_macro   0x0000000000000000       0x51 ./src/main.o
 .debug_macro   0x0000000000000000      0x103 ./src/main.o
 .debug_macro   0x0000000000000000       0x6a ./src/main.o
 .debug_macro   0x0000000000000000      0x1df ./src/main.o
 .debug_macro   0x0000000000000000       0x34 ./src/main.o
 .debug_macro   0x0000000000000000       0x26 ./src/main.o
 .debug_macro   0x0000000000000000      0xe43 ./src/main.o
 .debug_macro   0x0000000000000000     0x800a ./src/main.o
 .group         0x0000000000000000        0xc ./src/syscalls.o
 .group         0x0000000000000000        0xc ./src/syscalls.o
 .group         0x0000000000000000        0xc ./src/syscalls.o
 .group         0x0000000000000000        0xc ./src/syscalls.o
 .group         0x0000000000000000        0xc ./src/syscalls.o
 .group         0x0000000000000000        0xc ./src/syscalls.o
 .group         0x0000000000000000        0xc ./src/syscalls.o
 .group         0x0000000000000000        0xc ./src/syscalls.o
 .group         0x0000000000000000        0xc ./src/syscalls.o
 .group         0x0000000000000000        0xc ./src/syscalls.o
 .group         0x0000000000000000        0xc ./src/syscalls.o
 .group         0x0000000000000000        0xc ./src/syscalls.o
 .group         0x0000000000000000        0xc ./src/syscalls.o
 .group         0x0000000000000000        0xc ./src/syscalls.o
 .group         0x0000000000000000        0xc ./src/syscalls.o
 .group         0x0000000000000000        0xc ./src/syscalls.o
 .group         0x0000000000000000        0xc ./src/syscalls.o
 .group         0x0000000000000000        0xc ./src/syscalls.o
 .group         0x0000000000000000        0xc ./src/syscalls.o
 .group         0x0000000000000000        0xc ./src/syscalls.o
 .group         0x0000000000000000        0xc ./src/syscalls.o
 .group         0x0000000000000000        0xc ./src/syscalls.o
 .group         0x0000000000000000        0xc ./src/syscalls.o
 .group         0x0000000000000000        0xc ./src/syscalls.o
 .group         0x0000000000000000        0xc ./src/syscalls.o
 .group         0x0000000000000000        0xc ./src/syscalls.o
 .group         0x0000000000000000        0xc ./src/syscalls.o
 .group         0x0000000000000000        0xc ./src/syscalls.o
 .group         0x0000000000000000        0xc ./src/syscalls.o
 .group         0x0000000000000000        0xc ./src/syscalls.o
 .group         0x0000000000000000        0xc ./src/syscalls.o
 .group         0x0000000000000000        0xc ./src/syscalls.o
 .group         0x0000000000000000        0xc ./src/syscalls.o
 .group         0x0000000000000000        0xc ./src/syscalls.o
 .group         0x0000000000000000        0xc ./src/syscalls.o
 .group         0x0000000000000000        0xc ./src/syscalls.o
 .group         0x0000000000000000        0xc ./src/syscalls.o
 .group         0x0000000000000000        0xc ./src/syscalls.o
 .group         0x0000000000000000        0xc ./src/syscalls.o
 .group         0x0000000000000000        0xc ./src/syscalls.o
 .group         0x0000000000000000        0xc ./src/syscalls.o
 .group         0x0000000000000000        0xc ./src/syscalls.o
 .group         0x0000000000000000        0xc ./src/syscalls.o
 .group         0x0000000000000000        0xc ./src/syscalls.o
 .group         0x0000000000000000        0xc ./src/syscalls.o
 .group         0x0000000000000000        0xc ./src/syscalls.o
 .group         0x0000000000000000        0xc ./src/syscalls.o
 .text          0x0000000000000000        0x0 ./src/syscalls.o
 .data          0x0000000000000000        0x4 ./src/syscalls.o
 .bss           0x0000000000000000        0x8 ./src/syscalls.o
 .text.initialise_monitor_handles
                0x0000000000000000        0xe ./src/syscalls.o
 .text._getpid  0x0000000000000000       0x10 ./src/syscalls.o
 .text._kill    0x0000000000000000       0x20 ./src/syscalls.o
 .text._exit    0x0000000000000000       0x14 ./src/syscalls.o
 .text._read    0x0000000000000000       0x3a ./src/syscalls.o
 .text._write   0x0000000000000000       0x38 ./src/syscalls.o
 .text._sbrk    0x0000000000000000       0x58 ./src/syscalls.o
 .text._close   0x0000000000000000       0x18 ./src/syscalls.o
 .text._fstat   0x0000000000000000       0x20 ./src/syscalls.o
 .text._isatty  0x0000000000000000       0x16 ./src/syscalls.o
 .text._lseek   0x0000000000000000       0x1a ./src/syscalls.o
 .text._open    0x0000000000000000       0x1c ./src/syscalls.o
 .text._wait    0x0000000000000000       0x1e ./src/syscalls.o
 .text._unlink  0x0000000000000000       0x1e ./src/syscalls.o
 .text._times   0x0000000000000000       0x18 ./src/syscalls.o
 .text._stat    0x0000000000000000       0x20 ./src/syscalls.o
 .text._link    0x0000000000000000       0x20 ./src/syscalls.o
 .text._fork    0x0000000000000000       0x16 ./src/syscalls.o
 .text._execve  0x0000000000000000       0x22 ./src/syscalls.o
 .debug_info    0x0000000000000000      0x753 ./src/syscalls.o
 .debug_abbrev  0x0000000000000000      0x1d9 ./src/syscalls.o
 .debug_aranges
                0x0000000000000000       0xb0 ./src/syscalls.o
 .debug_ranges  0x0000000000000000       0xa0 ./src/syscalls.o
 .debug_macro   0x0000000000000000      0x24c ./src/syscalls.o
 .debug_macro   0x0000000000000000      0xa84 ./src/syscalls.o
 .debug_macro   0x0000000000000000       0x22 ./src/syscalls.o
 .debug_macro   0x0000000000000000       0x4c ./src/syscalls.o
 .debug_macro   0x0000000000000000       0x1e ./src/syscalls.o
 .debug_macro   0x0000000000000000       0x94 ./src/syscalls.o
 .debug_macro   0x0000000000000000       0x3c ./src/syscalls.o
 .debug_macro   0x0000000000000000       0x34 ./src/syscalls.o
 .debug_macro   0x0000000000000000       0x57 ./src/syscalls.o
 .debug_macro   0x0000000000000000      0x174 ./src/syscalls.o
 .debug_macro   0x0000000000000000      0x341 ./src/syscalls.o
 .debug_macro   0x0000000000000000       0x16 ./src/syscalls.o
 .debug_macro   0x0000000000000000       0x43 ./src/syscalls.o
 .debug_macro   0x0000000000000000       0x34 ./src/syscalls.o
 .debug_macro   0x0000000000000000       0x10 ./src/syscalls.o
 .debug_macro   0x0000000000000000       0x58 ./src/syscalls.o
 .debug_macro   0x0000000000000000       0x71 ./src/syscalls.o
 .debug_macro   0x0000000000000000       0x1c ./src/syscalls.o
 .debug_macro   0x0000000000000000      0x12a ./src/syscalls.o
 .debug_macro   0x0000000000000000       0x10 ./src/syscalls.o
 .debug_macro   0x0000000000000000       0x35 ./src/syscalls.o
 .debug_macro   0x0000000000000000       0x10 ./src/syscalls.o
 .debug_macro   0x0000000000000000       0x10 ./src/syscalls.o
 .debug_macro   0x0000000000000000       0x10 ./src/syscalls.o
 .debug_macro   0x0000000000000000       0x6a ./src/syscalls.o
 .debug_macro   0x0000000000000000       0x1c ./src/syscalls.o
 .debug_macro   0x0000000000000000       0x52 ./src/syscalls.o
 .debug_macro   0x0000000000000000       0x22 ./src/syscalls.o
 .debug_macro   0x0000000000000000       0x10 ./src/syscalls.o
 .debug_macro   0x0000000000000000       0x52 ./src/syscalls.o
 .debug_macro   0x0000000000000000       0xd5 ./src/syscalls.o
 .debug_macro   0x0000000000000000       0x1c ./src/syscalls.o
 .debug_macro   0x0000000000000000       0x3d ./src/syscalls.o
 .debug_macro   0x0000000000000000       0x35 ./src/syscalls.o
 .debug_macro   0x0000000000000000      0x12c ./src/syscalls.o
 .debug_macro   0x0000000000000000       0x16 ./src/syscalls.o
 .debug_macro   0x0000000000000000       0x16 ./src/syscalls.o
 .debug_macro   0x0000000000000000       0x29 ./src/syscalls.o
 .debug_macro   0x0000000000000000       0x10 ./src/syscalls.o
 .debug_macro   0x0000000000000000      0x241 ./src/syscalls.o
 .debug_macro   0x0000000000000000       0x1c ./src/syscalls.o
 .debug_macro   0x0000000000000000       0x10 ./src/syscalls.o
 .debug_macro   0x0000000000000000       0x10 ./src/syscalls.o
 .debug_macro   0x0000000000000000       0x16 ./src/syscalls.o
 .debug_macro   0x0000000000000000      0x145 ./src/syscalls.o
 .debug_macro   0x0000000000000000      0x189 ./src/syscalls.o
 .debug_macro   0x0000000000000000       0x16 ./src/syscalls.o
 .debug_macro   0x0000000000000000       0xce ./src/syscalls.o
 .debug_line    0x0000000000000000      0x827 ./src/syscalls.o
 .debug_str     0x0000000000000000     0x8abf ./src/syscalls.o
 .comment       0x0000000000000000       0x51 ./src/syscalls.o
 .debug_frame   0x0000000000000000      0x2d0 ./src/syscalls.o
 .ARM.attributes
                0x0000000000000000       0x34 ./src/syscalls.o
 .group         0x0000000000000000        0xc ./src/system_stm32f4xx.o
 .group         0x0000000000000000        0xc ./src/system_stm32f4xx.o
 .group         0x0000000000000000        0xc ./src/system_stm32f4xx.o
 .group         0x0000000000000000        0xc ./src/system_stm32f4xx.o
 .group         0x0000000000000000        0xc ./src/system_stm32f4xx.o
 .group         0x0000000000000000        0xc ./src/system_stm32f4xx.o
 .group         0x0000000000000000        0xc ./src/system_stm32f4xx.o
 .group         0x0000000000000000        0xc ./src/system_stm32f4xx.o
 .group         0x0000000000000000        0xc ./src/system_stm32f4xx.o
 .group         0x0000000000000000        0xc ./src/system_stm32f4xx.o
 .group         0x0000000000000000        0xc ./src/system_stm32f4xx.o
 .group         0x0000000000000000        0xc ./src/system_stm32f4xx.o
 .group         0x0000000000000000        0xc ./src/system_stm32f4xx.o
 .text          0x0000000000000000        0x0 ./src/system_stm32f4xx.o
 .data          0x0000000000000000       0x14 ./src/system_stm32f4xx.o
 .bss           0x0000000000000000        0x0 ./src/system_stm32f4xx.o
 .text.SystemCoreClockUpdate
                0x0000000000000000      0x104 ./src/system_stm32f4xx.o
 .debug_macro   0x0000000000000000      0xa84 ./src/system_stm32f4xx.o
 .debug_macro   0x0000000000000000       0x65 ./src/system_stm32f4xx.o
 .debug_macro   0x0000000000000000       0x3b ./src/system_stm32f4xx.o
 .debug_macro   0x0000000000000000       0x22 ./src/system_stm32f4xx.o
 .debug_macro   0x0000000000000000       0x8e ./src/system_stm32f4xx.o
 .debug_macro   0x0000000000000000       0x51 ./src/system_stm32f4xx.o
 .debug_macro   0x0000000000000000      0x103 ./src/system_stm32f4xx.o
 .debug_macro   0x0000000000000000       0x6a ./src/system_stm32f4xx.o
 .debug_macro   0x0000000000000000      0x1df ./src/system_stm32f4xx.o
 .debug_macro   0x0000000000000000       0x34 ./src/system_stm32f4xx.o
 .debug_macro   0x0000000000000000       0x26 ./src/system_stm32f4xx.o
 .debug_macro   0x0000000000000000      0xe43 ./src/system_stm32f4xx.o
 .debug_macro   0x0000000000000000     0x800a ./src/system_stm32f4xx.o
 .text          0x0000000000000000       0x14 ./startup/startup_stm32.o
 .data          0x0000000000000000        0x0 ./startup/startup_stm32.o
 .bss           0x0000000000000000        0x0 ./startup/startup_stm32.o
 .text          0x0000000000000000        0x0 c:/st/stm32cubeide_1.9.0/stm32cubeide/plugins/com.st.stm32cube.ide.mcu.externaltools.gnu-tools-for-stm32.10.3-2021.10.win32_1.0.0.202111181127/tools/bin/../lib/gcc/arm-none-eabi/10.3.1/../../../../arm-none-eabi/lib/thumb/v7e-m+fp/hard\libc_nano.a(lib_a-errno.o)
 .data          0x0000000000000000        0x0 c:/st/stm32cubeide_1.9.0/stm32cubeide/plugins/com.st.stm32cube.ide.mcu.externaltools.gnu-tools-for-stm32.10.3-2021.10.win32_1.0.0.202111181127/tools/bin/../lib/gcc/arm-none-eabi/10.3.1/../../../../arm-none-eabi/lib/thumb/v7e-m+fp/hard\libc_nano.a(lib_a-errno.o)
 .bss           0x0000000000000000        0x0 c:/st/stm32cubeide_1.9.0/stm32cubeide/plugins/com.st.stm32cube.ide.mcu.externaltools.gnu-tools-for-stm32.10.3-2021.10.win32_1.0.0.202111181127/tools/bin/../lib/gcc/arm-none-eabi/10.3.1/../../../../arm-none-eabi/lib/thumb/v7e-m+fp/hard\libc_nano.a(lib_a-errno.o)
 .text.__errno  0x0000000000000000        0xc c:/st/stm32cubeide_1.9.0/stm32cubeide/plugins/com.st.stm32cube.ide.mcu.externaltools.gnu-tools-for-stm32.10.3-2021.10.win32_1.0.0.202111181127/tools/bin/../lib/gcc/arm-none-eabi/10.3.1/../../../../arm-none-eabi/lib/thumb/v7e-m+fp/hard\libc_nano.a(lib_a-errno.o)
 .debug_frame   0x0000000000000000       0x20 c:/st/stm32cubeide_1.9.0/stm32cubeide/plugins/com.st.stm32cube.ide.mcu.externaltools.gnu-tools-for-stm32.10.3-2021.10.win32_1.0.0.202111181127/tools/bin/../lib/gcc/arm-none-eabi/10.3.1/../../../../arm-none-eabi/lib/thumb/v7e-m+fp/hard\libc_nano.a(lib_a-errno.o)
 .ARM.attributes
                0x0000000000000000       0x34 c:/st/stm32cubeide_1.9.0/stm32cubeide/plugins/com.st.stm32cube.ide.mcu.externaltools.gnu-tools-for-stm32.10.3-2021.10.win32_1.0.0.202111181127/tools/bin/../lib/gcc/arm-none-eabi/10.3.1/../../../../arm-none-eabi/lib/thumb/v7e-m+fp/hard\libc_nano.a(lib_a-errno.o)
 .text          0x0000000000000000        0x0 c:/st/stm32cubeide_1.9.0/stm32cubeide/plugins/com.st.stm32cube.ide.mcu.externaltools.gnu-tools-for-stm32.10.3-2021.10.win32_1.0.0.202111181127/tools/bin/../lib/gcc/arm-none-eabi/10.3.1/../../../../arm-none-eabi/lib/thumb/v7e-m+fp/hard\libc_nano.a(lib_a-exit.o)
 .data          0x0000000000000000        0x0 c:/st/stm32cubeide_1.9.0/stm32cubeide/plugins/com.st.stm32cube.ide.mcu.externaltools.gnu-tools-for-stm32.10.3-2021.10.win32_1.0.0.202111181127/tools/bin/../lib/gcc/arm-none-eabi/10.3.1/../../../../arm-none-eabi/lib/thumb/v7e-m+fp/hard\libc_nano.a(lib_a-exit.o)
 .bss           0x0000000000000000        0x0 c:/st/stm32cubeide_1.9.0/stm32cubeide/plugins/com.st.stm32cube.ide.mcu.externaltools.gnu-tools-for-stm32.10.3-2021.10.win32_1.0.0.202111181127/tools/bin/../lib/gcc/arm-none-eabi/10.3.1/../../../../arm-none-eabi/lib/thumb/v7e-m+fp/hard\libc_nano.a(lib_a-exit.o)
 .text.exit     0x0000000000000000       0x28 c:/st/stm32cubeide_1.9.0/stm32cubeide/plugins/com.st.stm32cube.ide.mcu.externaltools.gnu-tools-for-stm32.10.3-2021.10.win32_1.0.0.202111181127/tools/bin/../lib/gcc/arm-none-eabi/10.3.1/../../../../arm-none-eabi/lib/thumb/v7e-m+fp/hard\libc_nano.a(lib_a-exit.o)
 .debug_frame   0x0000000000000000       0x28 c:/st/stm32cubeide_1.9.0/stm32cubeide/plugins/com.st.stm32cube.ide.mcu.externaltools.gnu-tools-for-stm32.10.3-2021.10.win32_1.0.0.202111181127/tools/bin/../lib/gcc/arm-none-eabi/10.3.1/../../../../arm-none-eabi/lib/thumb/v7e-m+fp/hard\libc_nano.a(lib_a-exit.o)
 .ARM.attributes
                0x0000000000000000       0x34 c:/st/stm32cubeide_1.9.0/stm32cubeide/plugins/com.st.stm32cube.ide.mcu.externaltools.gnu-tools-for-stm32.10.3-2021.10.win32_1.0.0.202111181127/tools/bin/../lib/gcc/arm-none-eabi/10.3.1/../../../../arm-none-eabi/lib/thumb/v7e-m+fp/hard\libc_nano.a(lib_a-exit.o)
 .text          0x0000000000000000        0x0 c:/st/stm32cubeide_1.9.0/stm32cubeide/plugins/com.st.stm32cube.ide.mcu.externaltools.gnu-tools-for-stm32.10.3-2021.10.win32_1.0.0.202111181127/tools/bin/../lib/gcc/arm-none-eabi/10.3.1/../../../../arm-none-eabi/lib/thumb/v7e-m+fp/hard\libc_nano.a(lib_a-impure.o)
 .data          0x0000000000000000        0x0 c:/st/stm32cubeide_1.9.0/stm32cubeide/plugins/com.st.stm32cube.ide.mcu.externaltools.gnu-tools-for-stm32.10.3-2021.10.win32_1.0.0.202111181127/tools/bin/../lib/gcc/arm-none-eabi/10.3.1/../../../../arm-none-eabi/lib/thumb/v7e-m+fp/hard\libc_nano.a(lib_a-impure.o)
 .bss           0x0000000000000000        0x0 c:/st/stm32cubeide_1.9.0/stm32cubeide/plugins/com.st.stm32cube.ide.mcu.externaltools.gnu-tools-for-stm32.10.3-2021.10.win32_1.0.0.202111181127/tools/bin/../lib/gcc/arm-none-eabi/10.3.1/../../../../arm-none-eabi/lib/thumb/v7e-m+fp/hard\libc_nano.a(lib_a-impure.o)
 .data._impure_ptr
                0x0000000000000000        0x4 c:/st/stm32cubeide_1.9.0/stm32cubeide/plugins/com.st.stm32cube.ide.mcu.externaltools.gnu-tools-for-stm32.10.3-2021.10.win32_1.0.0.202111181127/tools/bin/../lib/gcc/arm-none-eabi/10.3.1/../../../../arm-none-eabi/lib/thumb/v7e-m+fp/hard\libc_nano.a(lib_a-impure.o)
 .data.impure_data
                0x0000000000000000       0x60 c:/st/stm32cubeide_1.9.0/stm32cubeide/plugins/com.st.stm32cube.ide.mcu.externaltools.gnu-tools-for-stm32.10.3-2021.10.win32_1.0.0.202111181127/tools/bin/../lib/gcc/arm-none-eabi/10.3.1/../../../../arm-none-eabi/lib/thumb/v7e-m+fp/hard\libc_nano.a(lib_a-impure.o)
 .rodata._global_impure_ptr
                0x0000000000000000        0x4 c:/st/stm32cubeide_1.9.0/stm32cubeide/plugins/com.st.stm32cube.ide.mcu.externaltools.gnu-tools-for-stm32.10.3-2021.10.win32_1.0.0.202111181127/tools/bin/../lib/gcc/arm-none-eabi/10.3.1/../../../../arm-none-eabi/lib/thumb/v7e-m+fp/hard\libc_nano.a(lib_a-impure.o)
 .ARM.attributes
                0x0000000000000000       0x34 c:/st/stm32cubeide_1.9.0/stm32cubeide/plugins/com.st.stm32cube.ide.mcu.externaltools.gnu-tools-for-stm32.10.3-2021.10.win32_1.0.0.202111181127/tools/bin/../lib/gcc/arm-none-eabi/10.3.1/../../../../arm-none-eabi/lib/thumb/v7e-m+fp/hard\libc_nano.a(lib_a-impure.o)
 .text          0x0000000000000000        0x0 c:/st/stm32cubeide_1.9.0/stm32cubeide/plugins/com.st.stm32cube.ide.mcu.externaltools.gnu-tools-for-stm32.10.3-2021.10.win32_1.0.0.202111181127/tools/bin/../lib/gcc/arm-none-eabi/10.3.1/../../../../arm-none-eabi/lib/thumb/v7e-m+fp/hard\libc_nano.a(lib_a-init.o)
 .data          0x0000000000000000        0x0 c:/st/stm32cubeide_1.9.0/stm32cubeide/plugins/com.st.stm32cube.ide.mcu.externaltools.gnu-tools-for-stm32.10.3-2021.10.win32_1.0.0.202111181127/tools/bin/../lib/gcc/arm-none-eabi/10.3.1/../../../../arm-none-eabi/lib/thumb/v7e-m+fp/hard\libc_nano.a(lib_a-init.o)
 .bss           0x0000000000000000        0x0 c:/st/stm32cubeide_1.9.0/stm32cubeide/plugins/com.st.stm32cube.ide.mcu.externaltools.gnu-tools-for-stm32.10.3-2021.10.win32_1.0.0.202111181127/tools/bin/../lib/gcc/arm-none-eabi/10.3.1/../../../../arm-none-eabi/lib/thumb/v7e-m+fp/hard\libc_nano.a(lib_a-init.o)
 .text          0x0000000000000000        0x0 c:/st/stm32cubeide_1.9.0/stm32cubeide/plugins/com.st.stm32cube.ide.mcu.externaltools.gnu-tools-for-stm32.10.3-2021.10.win32_1.0.0.202111181127/tools/bin/../lib/gcc/arm-none-eabi/10.3.1/../../../../arm-none-eabi/lib/thumb/v7e-m+fp/hard\libc_nano.a(lib_a-memset.o)
 .data          0x0000000000000000        0x0 c:/st/stm32cubeide_1.9.0/stm32cubeide/plugins/com.st.stm32cube.ide.mcu.externaltools.gnu-tools-for-stm32.10.3-2021.10.win32_1.0.0.202111181127/tools/bin/../lib/gcc/arm-none-eabi/10.3.1/../../../../arm-none-eabi/lib/thumb/v7e-m+fp/hard\libc_nano.a(lib_a-memset.o)
 .bss           0x0000000000000000        0x0 c:/st/stm32cubeide_1.9.0/stm32cubeide/plugins/com.st.stm32cube.ide.mcu.externaltools.gnu-tools-for-stm32.10.3-2021.10.win32_1.0.0.202111181127/tools/bin/../lib/gcc/arm-none-eabi/10.3.1/../../../../arm-none-eabi/lib/thumb/v7e-m+fp/hard\libc_nano.a(lib_a-memset.o)
 .text.memset   0x0000000000000000       0x10 c:/st/stm32cubeide_1.9.0/stm32cubeide/plugins/com.st.stm32cube.ide.mcu.externaltools.gnu-tools-for-stm32.10.3-2021.10.win32_1.0.0.202111181127/tools/bin/../lib/gcc/arm-none-eabi/10.3.1/../../../../arm-none-eabi/lib/thumb/v7e-m+fp/hard\libc_nano.a(lib_a-memset.o)
 .debug_frame   0x0000000000000000       0x20 c:/st/stm32cubeide_1.9.0/stm32cubeide/plugins/com.st.stm32cube.ide.mcu.externaltools.gnu-tools-for-stm32.10.3-2021.10.win32_1.0.0.202111181127/tools/bin/../lib/gcc/arm-none-eabi/10.3.1/../../../../arm-none-eabi/lib/thumb/v7e-m+fp/hard\libc_nano.a(lib_a-memset.o)
 .ARM.attributes
                0x0000000000000000       0x34 c:/st/stm32cubeide_1.9.0/stm32cubeide/plugins/com.st.stm32cube.ide.mcu.externaltools.gnu-tools-for-stm32.10.3-2021.10.win32_1.0.0.202111181127/tools/bin/../lib/gcc/arm-none-eabi/10.3.1/../../../../arm-none-eabi/lib/thumb/v7e-m+fp/hard\libc_nano.a(lib_a-memset.o)
 .text          0x0000000000000000        0x0 c:/st/stm32cubeide_1.9.0/stm32cubeide/plugins/com.st.stm32cube.ide.mcu.externaltools.gnu-tools-for-stm32.10.3-2021.10.win32_1.0.0.202111181127/tools/bin/../lib/gcc/arm-none-eabi/10.3.1/thumb/v7e-m+fp/hard/crtend.o
 .data          0x0000000000000000        0x0 c:/st/stm32cubeide_1.9.0/stm32cubeide/plugins/com.st.stm32cube.ide.mcu.externaltools.gnu-tools-for-stm32.10.3-2021.10.win32_1.0.0.202111181127/tools/bin/../lib/gcc/arm-none-eabi/10.3.1/thumb/v7e-m+fp/hard/crtend.o
 .bss           0x0000000000000000        0x0 c:/st/stm32cubeide_1.9.0/stm32cubeide/plugins/com.st.stm32cube.ide.mcu.externaltools.gnu-tools-for-stm32.10.3-2021.10.win32_1.0.0.202111181127/tools/bin/../lib/gcc/arm-none-eabi/10.3.1/thumb/v7e-m+fp/hard/crtend.o
 .rodata        0x0000000000000000       0x24 c:/st/stm32cubeide_1.9.0/stm32cubeide/plugins/com.st.stm32cube.ide.mcu.externaltools.gnu-tools-for-stm32.10.3-2021.10.win32_1.0.0.202111181127/tools/bin/../lib/gcc/arm-none-eabi/10.3.1/thumb/v7e-m+fp/hard/crtend.o
 .eh_frame      0x0000000000000000        0x4 c:/st/stm32cubeide_1.9.0/stm32cubeide/plugins/com.st.stm32cube.ide.mcu.externaltools.gnu-tools-for-stm32.10.3-2021.10.win32_1.0.0.202111181127/tools/bin/../lib/gcc/arm-none-eabi/10.3.1/thumb/v7e-m+fp/hard/crtend.o
 .ARM.attributes
                0x0000000000000000       0x34 c:/st/stm32cubeide_1.9.0/stm32cubeide/plugins/com.st.stm32cube.ide.mcu.externaltools.gnu-tools-for-stm32.10.3-2021.10.win32_1.0.0.202111181127/tools/bin/../lib/gcc/arm-none-eabi/10.3.1/thumb/v7e-m+fp/hard/crtend.o
 .text          0x0000000000000000        0x0 c:/st/stm32cubeide_1.9.0/stm32cubeide/plugins/com.st.stm32cube.ide.mcu.externaltools.gnu-tools-for-stm32.10.3-2021.10.win32_1.0.0.202111181127/tools/bin/../lib/gcc/arm-none-eabi/10.3.1/thumb/v7e-m+fp/hard/crtn.o
 .data          0x0000000000000000        0x0 c:/st/stm32cubeide_1.9.0/stm32cubeide/plugins/com.st.stm32cube.ide.mcu.externaltools.gnu-tools-for-stm32.10.3-2021.10.win32_1.0.0.202111181127/tools/bin/../lib/gcc/arm-none-eabi/10.3.1/thumb/v7e-m+fp/hard/crtn.o
 .bss           0x0000000000000000        0x0 c:/st/stm32cubeide_1.9.0/stm32cubeide/plugins/com.st.stm32cube.ide.mcu.externaltools.gnu-tools-for-stm32.10.3-2021.10.win32_1.0.0.202111181127/tools/bin/../lib/gcc/arm-none-eabi/10.3.1/thumb/v7e-m+fp/hard/crtn.o

Memory Configuration

Name             Origin             Length             Attributes
RAM              0x0000000020000000 0x0000000000010000 xrw
ROM              0x0000000008000000 0x0000000000040000 xr
*default*        0x0000000000000000 0xffffffffffffffff

Linker script and memory map

LOAD c:/st/stm32cubeide_1.9.0/stm32cubeide/plugins/com.st.stm32cube.ide.mcu.externaltools.gnu-tools-for-stm32.10.3-2021.10.win32_1.0.0.202111181127/tools/bin/../lib/gcc/arm-none-eabi/10.3.1/thumb/v7e-m+fp/hard/crti.o
LOAD c:/st/stm32cubeide_1.9.0/stm32cubeide/plugins/com.st.stm32cube.ide.mcu.externaltools.gnu-tools-for-stm32.10.3-2021.10.win32_1.0.0.202111181127/tools/bin/../lib/gcc/arm-none-eabi/10.3.1/thumb/v7e-m+fp/hard/crtbegin.o
LOAD c:/st/stm32cubeide_1.9.0/stm32cubeide/plugins/com.st.stm32cube.ide.mcu.externaltools.gnu-tools-for-stm32.10.3-2021.10.win32_1.0.0.202111181127/tools/bin/../lib/gcc/arm-none-eabi/10.3.1/../../../../arm-none-eabi/lib/thumb/v7e-m+fp/hard/crt0.o
LOAD ./Drivers/src/PollDataClient.o
LOAD ./Drivers/src/PollerTimer.o
LOAD ./Drivers/src/device.o
LOAD ./Drivers/src/ds1307.o
LOAD ./Drivers/src/i2c.o
LOAD ./Drivers/src/poller.o
LOAD ./src/main.o
LOAD ./src/syscalls.o
LOAD ./src/system_stm32f4xx.o
LOAD ./startup/startup_stm32.o
START GROUP
LOAD c:/st/stm32cubeide_1.9.0/stm32cubeide/plugins/com.st.stm32cube.ide.mcu.externaltools.gnu-tools-for-stm32.10.3-2021.10.win32_1.0.0.202111181127/tools/bin/../lib/gcc/arm-none-eabi/10.3.1/../../../../arm-none-eabi/lib/thumb/v7e-m+fp/hard\libc_nano.a
LOAD c:/st/stm32cubeide_1.9.0/stm32cubeide/plugins/com.st.stm32cube.ide.mcu.externaltools.gnu-tools-for-stm32.10.3-2021.10.win32_1.0.0.202111181127/tools/bin/../lib/gcc/arm-none-eabi/10.3.1/../../../../arm-none-eabi/lib/thumb/v7e-m+fp/hard\libm.a
END GROUP
START GROUP
LOAD c:/st/stm32cubeide_1.9.0/stm32cubeide/plugins/com.st.stm32cube.ide.mcu.externaltools.gnu-tools-for-stm32.10.3-2021.10.win32_1.0.0.202111181127/tools/bin/../lib/gcc/arm-none-eabi/10.3.1/thumb/v7e-m+fp/hard\libgcc.a
LOAD c:/st/stm32cubeide_1.9.0/stm32cubeide/plugins/com.st.stm32cube.ide.mcu.externaltools.gnu-tools-for-stm32.10.3-2021.10.win32_1.0.0.202111181127/tools/bin/../lib/gcc/arm-none-eabi/10.3.1/../../../../arm-none-eabi/lib/thumb/v7e-m+fp/hard\libc_nano.a
END GROUP
START GROUP
LOAD c:/st/stm32cubeide_1.9.0/stm32cubeide/plugins/com.st.stm32cube.ide.mcu.externaltools.gnu-tools-for-stm32.10.3-2021.10.win32_1.0.0.202111181127/tools/bin/../lib/gcc/arm-none-eabi/10.3.1/thumb/v7e-m+fp/hard\libgcc.a
LOAD c:/st/stm32cubeide_1.9.0/stm32cubeide/plugins/com.st.stm32cube.ide.mcu.externaltools.gnu-tools-for-stm32.10.3-2021.10.win32_1.0.0.202111181127/tools/bin/../lib/gcc/arm-none-eabi/10.3.1/../../../../arm-none-eabi/lib/thumb/v7e-m+fp/hard\libc_nano.a
LOAD c:/st/stm32cubeide_1.9.0/stm32cubeide/plugins/com.st.stm32cube.ide.mcu.externaltools.gnu-tools-for-stm32.10.3-2021.10.win32_1.0.0.202111181127/tools/bin/../lib/gcc/arm-none-eabi/10.3.1/../../../../arm-none-eabi/lib/thumb/v7e-m+fp/hard\libnosys.a
END GROUP
START GROUP
LOAD c:/st/stm32cubeide_1.9.0/stm32cubeide/plugins/com.st.stm32cube.ide.mcu.externaltools.gnu-tools-for-stm32.10.3-2021.10.win32_1.0.0.202111181127/tools/bin/../lib/gcc/arm-none-eabi/10.3.1/thumb/v7e-m+fp/hard\libgcc.a
LOAD c:/st/stm32cubeide_1.9.0/stm32cubeide/plugins/com.st.stm32cube.ide.mcu.externaltools.gnu-tools-for-stm32.10.3-2021.10.win32_1.0.0.202111181127/tools/bin/../lib/gcc/arm-none-eabi/10.3.1/../../../../arm-none-eabi/lib/thumb/v7e-m+fp/hard\libc_nano.a
LOAD c:/st/stm32cubeide_1.9.0/stm32cubeide/plugins/com.st.stm32cube.ide.mcu.externaltools.gnu-tools-for-stm32.10.3-2021.10.win32_1.0.0.202111181127/tools/bin/../lib/gcc/arm-none-eabi/10.3.1/../../../../arm-none-eabi/lib/thumb/v7e-m+fp/hard\libnosys.a
END GROUP
LOAD c:/st/stm32cubeide_1.9.0/stm32cubeide/plugins/com.st.stm32cube.ide.mcu.externaltools.gnu-tools-for-stm32.10.3-2021.10.win32_1.0.0.202111181127/tools/bin/../lib/gcc/arm-none-eabi/10.3.1/thumb/v7e-m+fp/hard/crtend.o
LOAD c:/st/stm32cubeide_1.9.0/stm32cubeide/plugins/com.st.stm32cube.ide.mcu.externaltools.gnu-tools-for-stm32.10.3-2021.10.win32_1.0.0.202111181127/tools/bin/../lib/gcc/arm-none-eabi/10.3.1/thumb/v7e-m+fp/hard/crtn.o
                0x0000000020010000                _estack = 0x20010000
                0x0000000000000000                _Min_Heap_Size = 0x0
                0x0000000000000400                _Min_Stack_Size = 0x400

.isr_vector     0x0000000008000000      0x194
                0x0000000008000000                . = ALIGN (0x4)
 *(.isr_vector)
 .isr_vector    0x0000000008000000      0x194 ./startup/startup_stm32.o
                0x0000000008000000                g_pfnVectors
                0x0000000008000194                . = ALIGN (0x4)

.text           0x0000000008000194      0x644
                0x0000000008000194                . = ALIGN (0x4)
 *(.text)
 .text          0x0000000008000194       0x40 c:/st/stm32cubeide_1.9.0/stm32cubeide/plugins/com.st.stm32cube.ide.mcu.externaltools.gnu-tools-for-stm32.10.3-2021.10.win32_1.0.0.202111181127/tools/bin/../lib/gcc/arm-none-eabi/10.3.1/thumb/v7e-m+fp/hard/crtbegin.o
 *(.text*)
 .text.NVIC_EnableIRQ
                0x00000000080001d4       0x34 ./Drivers/src/PollerTimer.o
 .text.StartTimer
                0x0000000008000208       0x4c ./Drivers/src/PollerTimer.o
                0x0000000008000208                StartTimer
 .text.EnableInterrupt
                0x0000000008000254       0x22 ./Drivers/src/PollerTimer.o
                0x0000000008000254                EnableInterrupt
 .text.CallPollingFunction
                0x0000000008000276        0xc ./Drivers/src/PollerTimer.o
                0x0000000008000276                CallPollingFunction
 *fill*         0x0000000008000282        0x2 
 .text.Time_ManageDataRead
                0x0000000008000284       0x38 ./Drivers/src/ds1307.o
                0x0000000008000284                Time_ManageDataRead
 .text.I2C1_INIt
                0x00000000080002bc      0x10c ./Drivers/src/i2c.o
                0x00000000080002bc                I2C1_INIt
 .text.I2C1_READ
                0x00000000080003c8      0x12c ./Drivers/src/i2c.o
                0x00000000080003c8                I2C1_READ
 .text.Poll     0x00000000080004f4       0x48 ./Drivers/src/poller.o
                0x00000000080004f4                Poll
 .text.StartPolling
                0x000000000800053c       0x18 ./Drivers/src/poller.o
                0x000000000800053c                StartPolling
 .text.SetPollingTime
                0x0000000008000554       0x30 ./Drivers/src/poller.o
                0x0000000008000554                SetPollingTime
 .text.main     0x0000000008000584       0x1e ./src/main.o
                0x0000000008000584                main
 .text.TIM2_IRQHandler
                0x00000000080005a2       0x20 ./src/main.o
                0x00000000080005a2                TIM2_IRQHandler
 *fill*         0x00000000080005c2        0x2 
 .text.SystemInit
                0x00000000080005c4       0x6c ./src/system_stm32f4xx.o
                0x00000000080005c4                SystemInit
 .text.SetSysClock
                0x0000000008000630       0xf4 ./src/system_stm32f4xx.o
 .text.Reset_Handler
                0x0000000008000724       0x50 ./startup/startup_stm32.o
                0x0000000008000724                Reset_Handler
 .text.Default_Handler
                0x0000000008000774        0x2 ./startup/startup_stm32.o
                0x0000000008000774                RTC_Alarm_IRQHandler
                0x0000000008000774                EXTI2_IRQHandler
                0x0000000008000774                DebugMon_Handler
                0x0000000008000774                SPI4_IRQHandler
                0x0000000008000774                TIM1_CC_IRQHandler
                0x0000000008000774                HardFault_Handler
                0x0000000008000774                SysTick_Handler
                0x0000000008000774                PVD_IRQHandler
                0x0000000008000774                SDIO_IRQHandler
                0x0000000008000774                TAMP_STAMP_IRQHandler
                0x0000000008000774                PendSV_Handler
                0x0000000008000774                NMI_Handler
                0x0000000008000774                EXTI3_IRQHandler
                0x0000000008000774                TIM1_UP_TIM10_IRQHandler
                0x0000000008000774                I2C3_ER_IRQHandler
                0x0000000008000774                EXTI0_IRQHandler
                0x0000000008000774                I2C2_EV_IRQHandler
                0x0000000008000774                FPU_IRQHandler
                0x0000000008000774                UsageFault_Handler
                0x0000000008000774                SPI1_IRQHandler
                0x0000000008000774                TIM1_BRK_TIM9_IRQHandler
                0x0000000008000774                I2C1_EV_IRQHandler
                0x0000000008000774                TIM3_IRQHandler
                0x0000000008000774                RCC_IRQHandler
                0x0000000008000774                Default_Handler
                0x0000000008000774                EXTI15_10_IRQHandler
                0x0000000008000774                ADC_IRQHandler
                0x0000000008000774                I2C3_EV_IRQHandler
                0x0000000008000774                EXTI9_5_IRQHandler
                0x0000000008000774                RTC_WKUP_IRQHandler
                0x0000000008000774                SPI2_IRQHandler
                0x0000000008000774                MemManage_Handler
                0x0000000008000774                SVC_Handler
                0x0000000008000774                EXTI4_IRQHandler
                0x0000000008000774                OTG_FS_WKUP_IRQHandler
                0x0000000008000774                TIM1_TRG_COM_TIM11_IRQHandler
                0x0000000008000774                EXTI1_IRQHandler
                0x0000000008000774                I2C2_ER_IRQHandler
                0x0000000008000774                FLASH_IRQHandler
                0x0000000008000774                BusFault_Handler
                0x0000000008000774                OTG_FS_IRQHandler
                0x0000000008000774                SPI3_IRQHandler
                0x0000000008000774                I2C1_ER_IRQHandler
 *fill*         0x0000000008000776        0x2 
 .text.__libc_init_array
                0x0000000008000778       0x48 c:/st/stm32cubeide_1.9.0/stm32cubeide/plugins/com.st.stm32cube.ide.mcu.externaltools.gnu-tools-for-stm32.10.3-2021.10.win32_1.0.0.202111181127/tools/bin/../lib/gcc/arm-none-eabi/10.3.1/../../../../arm-none-eabi/lib/thumb/v7e-m+fp/hard\libc_nano.a(lib_a-init.o)
                0x0000000008000778                __libc_init_array
 *(.glue_7)
 .glue_7        0x00000000080007c0        0x0 linker stubs
 *(.glue_7t)
 .glue_7t       0x00000000080007c0        0x0 linker stubs
 *(.eh_frame)
 .eh_frame      0x00000000080007c0        0x0 c:/st/stm32cubeide_1.9.0/stm32cubeide/plugins/com.st.stm32cube.ide.mcu.externaltools.gnu-tools-for-stm32.10.3-2021.10.win32_1.0.0.202111181127/tools/bin/../lib/gcc/arm-none-eabi/10.3.1/thumb/v7e-m+fp/hard/crtbegin.o
 *(.init)
 .init          0x00000000080007c0        0x4 c:/st/stm32cubeide_1.9.0/stm32cubeide/plugins/com.st.stm32cube.ide.mcu.externaltools.gnu-tools-for-stm32.10.3-2021.10.win32_1.0.0.202111181127/tools/bin/../lib/gcc/arm-none-eabi/10.3.1/thumb/v7e-m+fp/hard/crti.o
                0x00000000080007c0                _init
 .init          0x00000000080007c4        0x8 c:/st/stm32cubeide_1.9.0/stm32cubeide/plugins/com.st.stm32cube.ide.mcu.externaltools.gnu-tools-for-stm32.10.3-2021.10.win32_1.0.0.202111181127/tools/bin/../lib/gcc/arm-none-eabi/10.3.1/thumb/v7e-m+fp/hard/crtn.o
 *(.fini)
 .fini          0x00000000080007cc        0x4 c:/st/stm32cubeide_1.9.0/stm32cubeide/plugins/com.st.stm32cube.ide.mcu.externaltools.gnu-tools-for-stm32.10.3-2021.10.win32_1.0.0.202111181127/tools/bin/../lib/gcc/arm-none-eabi/10.3.1/thumb/v7e-m+fp/hard/crti.o
                0x00000000080007cc                _fini
 .fini          0x00000000080007d0        0x8 c:/st/stm32cubeide_1.9.0/stm32cubeide/plugins/com.st.stm32cube.ide.mcu.externaltools.gnu-tools-for-stm32.10.3-2021.10.win32_1.0.0.202111181127/tools/bin/../lib/gcc/arm-none-eabi/10.3.1/thumb/v7e-m+fp/hard/crtn.o
                0x00000000080007d8                . = ALIGN (0x4)
                0x00000000080007d8                _etext = .

.vfp11_veneer   0x00000000080007d8        0x0
 .vfp11_veneer  0x00000000080007d8        0x0 linker stubs

.v4_bx          0x00000000080007d8        0x0
 .v4_bx         0x00000000080007d8        0x0 linker stubs

.iplt           0x00000000080007d8        0x0
 .iplt          0x00000000080007d8        0x0 c:/st/stm32cubeide_1.9.0/stm32cubeide/plugins/com.st.stm32cube.ide.mcu.externaltools.gnu-tools-for-stm32.10.3-2021.10.win32_1.0.0.202111181127/tools/bin/../lib/gcc/arm-none-eabi/10.3.1/thumb/v7e-m+fp/hard/crtbegin.o

.rel.dyn        0x00000000080007d8        0x0
 .rel.iplt      0x00000000080007d8        0x0 c:/st/stm32cubeide_1.9.0/stm32cubeide/plugins/com.st.stm32cube.ide.mcu.externaltools.gnu-tools-for-stm32.10.3-2021.10.win32_1.0.0.202111181127/tools/bin/../lib/gcc/arm-none-eabi/10.3.1/thumb/v7e-m+fp/hard/crtbegin.o

.rodata         0x00000000080007d8        0x0
                0x00000000080007d8                . = ALIGN (0x4)
 *(.rodata)
 *(.rodata*)
                0x00000000080007d8                . = ALIGN (0x4)

.ARM.extab      0x00000000080007d8        0x0
                0x00000000080007d8                . = ALIGN (0x4)
 *(.ARM.extab* .gnu.linkonce.armextab.*)
                0x00000000080007d8                . = ALIGN (0x4)

.ARM            0x00000000080007d8        0x0
                0x00000000080007d8                . = ALIGN (0x4)
                0x00000000080007d8                __exidx_start = .
 *(.ARM.exidx*)
                0x00000000080007d8                __exidx_end = .
                0x00000000080007d8                . = ALIGN (0x4)

.preinit_array  0x00000000080007d8        0x0
                0x00000000080007d8                . = ALIGN (0x4)
                0x00000000080007d8                PROVIDE (__preinit_array_start = .)
 *(.preinit_array*)
                0x00000000080007d8                PROVIDE (__preinit_array_end = .)
                0x00000000080007d8                . = ALIGN (0x4)

.init_array     0x00000000080007d8        0x4
                0x00000000080007d8                . = ALIGN (0x4)
                0x00000000080007d8                PROVIDE (__init_array_start = .)
 *(SORT_BY_NAME(.init_array.*))
 *(.init_array*)
 .init_array    0x00000000080007d8        0x4 c:/st/stm32cubeide_1.9.0/stm32cubeide/plugins/com.st.stm32cube.ide.mcu.externaltools.gnu-tools-for-stm32.10.3-2021.10.win32_1.0.0.202111181127/tools/bin/../lib/gcc/arm-none-eabi/10.3.1/thumb/v7e-m+fp/hard/crtbegin.o
                0x00000000080007dc                PROVIDE (__init_array_end = .)
                0x00000000080007dc                . = ALIGN (0x4)

.fini_array     0x00000000080007dc        0x4
                0x00000000080007dc                . = ALIGN (0x4)
                [!provide]                        PROVIDE (__fini_array_start = .)
 *(SORT_BY_NAME(.fini_array.*))
 *(.fini_array*)
 .fini_array    0x00000000080007dc        0x4 c:/st/stm32cubeide_1.9.0/stm32cubeide/plugins/com.st.stm32cube.ide.mcu.externaltools.gnu-tools-for-stm32.10.3-2021.10.win32_1.0.0.202111181127/tools/bin/../lib/gcc/arm-none-eabi/10.3.1/thumb/v7e-m+fp/hard/crtbegin.o
                [!provide]                        PROVIDE (__fini_array_end = .)
                0x00000000080007e0                . = ALIGN (0x4)
                0x00000000080007e0                _sidata = LOADADDR (.data)

.data           0x0000000020000000        0xc load address 0x00000000080007e0
                0x0000000020000000                . = ALIGN (0x4)
                0x0000000020000000                _sdata = .
 *(.data)
 .data          0x0000000020000000        0x1 ./Drivers/src/ds1307.o
                0x0000000020000000                sAddres
 *fill*         0x0000000020000001        0x3 
 .data          0x0000000020000004        0x8 ./Drivers/src/poller.o
                0x0000000020000004                polling_enabled
                0x0000000020000008                polling_counter
 *(.data*)
                0x000000002000000c                . = ALIGN (0x4)
                0x000000002000000c                _edata = .

.igot.plt       0x000000002000000c        0x0 load address 0x00000000080007ec
 .igot.plt      0x000000002000000c        0x0 c:/st/stm32cubeide_1.9.0/stm32cubeide/plugins/com.st.stm32cube.ide.mcu.externaltools.gnu-tools-for-stm32.10.3-2021.10.win32_1.0.0.202111181127/tools/bin/../lib/gcc/arm-none-eabi/10.3.1/thumb/v7e-m+fp/hard/crtbegin.o
                0x000000002000000c                . = ALIGN (0x4)

.bss            0x000000002000000c       0x28 load address 0x00000000080007ec
                0x000000002000000c                _sbss = .
                0x000000002000000c                __bss_start__ = _sbss
 *(.bss)
 .bss           0x000000002000000c       0x1c c:/st/stm32cubeide_1.9.0/stm32cubeide/plugins/com.st.stm32cube.ide.mcu.externaltools.gnu-tools-for-stm32.10.3-2021.10.win32_1.0.0.202111181127/tools/bin/../lib/gcc/arm-none-eabi/10.3.1/thumb/v7e-m+fp/hard/crtbegin.o
 .bss           0x0000000020000028        0x7 ./Drivers/src/ds1307.o
                0x0000000020000028                Time_DataReadBuffer
                0x000000002000002c                ReadStartAddress
                0x000000002000002d                ReadDataLength
                0x000000002000002e                Time_IsReadRequested
 *fill*         0x000000002000002f        0x1 
 .bss           0x0000000020000030        0x4 ./Drivers/src/poller.o
                0x0000000020000030                counter
 *(.bss*)
 *(COMMON)
                0x0000000020000034                . = ALIGN (0x4)
                0x0000000020000034                _ebss = .
                0x0000000020000034                __bss_end__ = _ebss

._user_heap_stack
                0x0000000020000034      0x404 load address 0x00000000080007ec
                0x0000000020000038                . = ALIGN (0x8)
 *fill*         0x0000000020000034        0x4 
                0x0000000020000038                PROVIDE (end = .)
                [!provide]                        PROVIDE (_end = .)
                0x0000000020000038                . = (. + _Min_Heap_Size)
                0x0000000020000438                . = (. + _Min_Stack_Size)
 *fill*         0x0000000020000038      0x400 
                0x0000000020000438                . = ALIGN (0x8)

/DISCARD/
 libc.a(*)
 libm.a(*)
 libgcc.a(*)

.ARM.attributes
                0x0000000000000000       0x30
 *(.ARM.attributes)
 .ARM.attributes
                0x0000000000000000       0x1e c:/st/stm32cubeide_1.9.0/stm32cubeide/plugins/com.st.stm32cube.ide.mcu.externaltools.gnu-tools-for-stm32.10.3-2021.10.win32_1.0.0.202111181127/tools/bin/../lib/gcc/arm-none-eabi/10.3.1/thumb/v7e-m+fp/hard/crti.o
 .ARM.attributes
                0x000000000000001e       0x34 c:/st/stm32cubeide_1.9.0/stm32cubeide/plugins/com.st.stm32cube.ide.mcu.externaltools.gnu-tools-for-stm32.10.3-2021.10.win32_1.0.0.202111181127/tools/bin/../lib/gcc/arm-none-eabi/10.3.1/thumb/v7e-m+fp/hard/crtbegin.o
 .ARM.attributes
                0x0000000000000052       0x34 ./Drivers/src/PollerTimer.o
 .ARM.attributes
                0x0000000000000086       0x34 ./Drivers/src/ds1307.o
 .ARM.attributes
                0x00000000000000ba       0x34 ./Drivers/src/i2c.o
 .ARM.attributes
                0x00000000000000ee       0x34 ./Drivers/src/poller.o
 .ARM.attributes
                0x0000000000000122       0x34 ./src/main.o
 .ARM.attributes
                0x0000000000000156       0x34 ./src/system_stm32f4xx.o
 .ARM.attributes
                0x000000000000018a       0x21 ./startup/startup_stm32.o
 .ARM.attributes
                0x00000000000001ab       0x34 c:/st/stm32cubeide_1.9.0/stm32cubeide/plugins/com.st.stm32cube.ide.mcu.externaltools.gnu-tools-for-stm32.10.3-2021.10.win32_1.0.0.202111181127/tools/bin/../lib/gcc/arm-none-eabi/10.3.1/../../../../arm-none-eabi/lib/thumb/v7e-m+fp/hard\libc_nano.a(lib_a-init.o)
 .ARM.attributes
                0x00000000000001df       0x1e c:/st/stm32cubeide_1.9.0/stm32cubeide/plugins/com.st.stm32cube.ide.mcu.externaltools.gnu-tools-for-stm32.10.3-2021.10.win32_1.0.0.202111181127/tools/bin/../lib/gcc/arm-none-eabi/10.3.1/thumb/v7e-m+fp/hard/crtn.o
OUTPUT(45_FSM.elf elf32-littlearm)
LOAD linker stubs
LOAD c:/st/stm32cubeide_1.9.0/stm32cubeide/plugins/com.st.stm32cube.ide.mcu.externaltools.gnu-tools-for-stm32.10.3-2021.10.win32_1.0.0.202111181127/tools/bin/../lib/gcc/arm-none-eabi/10.3.1/../../../../arm-none-eabi/lib/thumb/v7e-m+fp/hard\libc.a
LOAD c:/st/stm32cubeide_1.9.0/stm32cubeide/plugins/com.st.stm32cube.ide.mcu.externaltools.gnu-tools-for-stm32.10.3-2021.10.win32_1.0.0.202111181127/tools/bin/../lib/gcc/arm-none-eabi/10.3.1/../../../../arm-none-eabi/lib/thumb/v7e-m+fp/hard\libm.a
LOAD c:/st/stm32cubeide_1.9.0/stm32cubeide/plugins/com.st.stm32cube.ide.mcu.externaltools.gnu-tools-for-stm32.10.3-2021.10.win32_1.0.0.202111181127/tools/bin/../lib/gcc/arm-none-eabi/10.3.1/thumb/v7e-m+fp/hard\libgcc.a

.debug_info     0x0000000000000000     0x18f9
 .debug_info    0x0000000000000000      0x870 ./Drivers/src/PollerTimer.o
 .debug_info    0x0000000000000870      0x110 ./Drivers/src/ds1307.o
 .debug_info    0x0000000000000980      0x530 ./Drivers/src/i2c.o
 .debug_info    0x0000000000000eb0       0xcb ./Drivers/src/poller.o
 .debug_info    0x0000000000000f7b      0x31a ./src/main.o
 .debug_info    0x0000000000001295      0x642 ./src/system_stm32f4xx.o
 .debug_info    0x00000000000018d7       0x22 ./startup/startup_stm32.o

.debug_abbrev   0x0000000000000000      0x656
 .debug_abbrev  0x0000000000000000      0x180 ./Drivers/src/PollerTimer.o
 .debug_abbrev  0x0000000000000180       0xbb ./Drivers/src/ds1307.o
 .debug_abbrev  0x000000000000023b      0x110 ./Drivers/src/i2c.o
 .debug_abbrev  0x000000000000034b       0xa9 ./Drivers/src/poller.o
 .debug_abbrev  0x00000000000003f4       0xe8 ./src/main.o
 .debug_abbrev  0x00000000000004dc      0x168 ./src/system_stm32f4xx.o
 .debug_abbrev  0x0000000000000644       0x12 ./startup/startup_stm32.o

.debug_aranges  0x0000000000000000      0x158
 .debug_aranges
                0x0000000000000000       0x50 ./Drivers/src/PollerTimer.o
 .debug_aranges
                0x0000000000000050       0x28 ./Drivers/src/ds1307.o
 .debug_aranges
                0x0000000000000078       0x28 ./Drivers/src/i2c.o
 .debug_aranges
                0x00000000000000a0       0x38 ./Drivers/src/poller.o
 .debug_aranges
                0x00000000000000d8       0x28 ./src/main.o
 .debug_aranges
                0x0000000000000100       0x30 ./src/system_stm32f4xx.o
 .debug_aranges
                0x0000000000000130       0x28 ./startup/startup_stm32.o

.debug_ranges   0x0000000000000000       0xf0
 .debug_ranges  0x0000000000000000       0x40 ./Drivers/src/PollerTimer.o
 .debug_ranges  0x0000000000000040       0x18 ./Drivers/src/ds1307.o
 .debug_ranges  0x0000000000000058       0x18 ./Drivers/src/i2c.o
 .debug_ranges  0x0000000000000070       0x28 ./Drivers/src/poller.o
 .debug_ranges  0x0000000000000098       0x18 ./src/main.o
 .debug_ranges  0x00000000000000b0       0x20 ./src/system_stm32f4xx.o
 .debug_ranges  0x00000000000000d0       0x20 ./startup/startup_stm32.o

.debug_macro    0x0000000000000000      0x374
 .debug_macro   0x0000000000000000       0xbf ./Drivers/src/PollerTimer.o
 .debug_macro   0x00000000000000bf       0x25 ./Drivers/src/ds1307.o
 .debug_macro   0x00000000000000e4       0xb5 ./Drivers/src/i2c.o
 .debug_macro   0x0000000000000199       0x39 ./Drivers/src/poller.o
 .debug_macro   0x00000000000001d2       0xd3 ./src/main.o
 .debug_macro   0x00000000000002a5       0xcf ./src/system_stm32f4xx.o

.debug_line     0x0000000000000000     0x1a40
 .debug_line    0x0000000000000000      0x5ec ./Drivers/src/PollerTimer.o
 .debug_line    0x00000000000005ec       0xe9 ./Drivers/src/ds1307.o
 .debug_line    0x00000000000006d5      0x64b ./Drivers/src/i2c.o
 .debug_line    0x0000000000000d20      0x14c ./Drivers/src/poller.o
 .debug_line    0x0000000000000e6c      0x545 ./src/main.o
 .debug_line    0x00000000000013b1      0x613 ./src/system_stm32f4xx.o
 .debug_line    0x00000000000019c4       0x7c ./startup/startup_stm32.o

.debug_str      0x0000000000000000    0x35dd3
 .debug_str     0x0000000000000000    0x35a4f ./Drivers/src/PollerTimer.o
                                      0x35bd6 (size before relaxing)
 .debug_str     0x0000000000035a4f       0xc3 ./Drivers/src/ds1307.o
                                       0x2db6 (size before relaxing)
 .debug_str     0x0000000000035b12       0x85 ./Drivers/src/i2c.o
                                      0x3576a (size before relaxing)
 .debug_str     0x0000000000035b97       0x96 ./Drivers/src/poller.o
                                       0x2db5 (size before relaxing)
 .debug_str     0x0000000000035c2d       0x23 ./src/main.o
                                      0x35713 (size before relaxing)
 .debug_str     0x0000000000035c50      0x15a ./src/system_stm32f4xx.o
                                      0x3580f (size before relaxing)
 .debug_str     0x0000000000035daa       0x29 ./startup/startup_stm32.o
                                         0x80 (size before relaxing)

.comment        0x0000000000000000       0x50
 .comment       0x0000000000000000       0x50 ./Drivers/src/PollerTimer.o
                                         0x51 (size before relaxing)
 .comment       0x0000000000000050       0x51 ./Drivers/src/ds1307.o
 .comment       0x0000000000000050       0x51 ./Drivers/src/i2c.o
 .comment       0x0000000000000050       0x51 ./Drivers/src/poller.o
 .comment       0x0000000000000050       0x51 ./src/main.o
 .comment       0x0000000000000050       0x51 ./src/system_stm32f4xx.o

.debug_frame    0x0000000000000000      0x324
 .debug_frame   0x0000000000000000       0xf4 ./Drivers/src/PollerTimer.o
 .debug_frame   0x00000000000000f4       0x54 ./Drivers/src/ds1307.o
 .debug_frame   0x0000000000000148       0x58 ./Drivers/src/i2c.o
 .debug_frame   0x00000000000001a0       0x94 ./Drivers/src/poller.o
 .debug_frame   0x0000000000000234       0x48 ./src/main.o
 .debug_frame   0x000000000000027c       0x7c ./src/system_stm32f4xx.o
 .debug_frame   0x00000000000002f8       0x2c c:/st/stm32cubeide_1.9.0/stm32cubeide/plugins/com.st.stm32cube.ide.mcu.externaltools.gnu-tools-for-stm32.10.3-2021.10.win32_1.0.0.202111181127/tools/bin/../lib/gcc/arm-none-eabi/10.3.1/../../../../arm-none-eabi/lib/thumb/v7e-m+fp/hard\libc_nano.a(lib_a-init.o)
